champion: C:\Users\USER\Desktop\CT&RPL\2_Project\KNF_LEU+ 시범연료봉 장전 인허가 과제\2026\2_계산\5_RL\data\models\20260721_105824
[curriculum][5.5-5.75_f117] mini campaign: 0 feasible / best|Δcyclen|=17.84400000000005 (target 625); feasible_or_progress=True
{
 "status": "ok",
 "budget": 16,
 "target_cyclen": 625.0,
 "n_feasible": 0,
 "best_cyclen_distance": 17.84400000000005,
 "blind_best_distance": 26.107999999999947,
 "feasible_or_progress": true
}
{'pair': 'H3_H4', 'status': 'converged', 'cyclen': 642.983, 'f_r': 2.0121, 'cbc_max': 1455.26, 'f_q': 2.5618, 'ao_abs': 0.0448, 'dist': 17.982999999999947, 'feasible': False}
{'pair': 'H3_H4', 'status': 'converged', 'cyclen': 644.21, 'f_r': 2.5944, 'cbc_max': 1456.21, 'f_q': 3.4484, 'ao_abs': 0.0715, 'dist': 19.210000000000036, 'feasible': False}
{'pair': 'H1_H2', 'status': 'converged', 'cyclen': 642.844, 'f_r': 2.2674, 'cbc_max': 1435.53, 'f_q': 3.0568, 'ao_abs': 0.0866, 'dist': 17.84400000000005, 'feasible': False}
{'pair': 'H1_H2', 'status': 'converged', 'cyclen': 647.83, 'f_r': 2.2206, 'cbc_max': 1485.27, 'f_q': 2.9345, 'ao_abs': 0.0622, 'dist': 22.83000000000004, 'feasible': False}
{'pair': 'H1_H2', 'status': 'converged', 'cyclen': 649.794, 'f_r': 2.0777, 'cbc_max': 1469.01, 'f_q': 2.6586, 'ao_abs': 0.0354, 'dist': 24.793999999999983, 'feasible': False}
{'pair': 'H1_H2', 'status': 'converged', 'cyclen': 647.596, 'f_r': 1.8233, 'cbc_max': 1413.3, 'f_q': 2.3029, 'ao_abs': 0.048, 'dist': 22.596000000000004, 'feasible': False}
{'pair': 'H1_H2', 'status': 'error'}
{'pair': 'H1_H2', 'status': 'converged', 'cyclen': 644.846, 'f_r': 2.2931, 'cbc_max': 1432.0, 'f_q': 2.9635, 'ao_abs': 0.0575, 'dist': 19.846000000000004, 'feasible': False}
{'pair': 'H3_H4', 'status': 'converged', 'cyclen': 649.756, 'f_r': 2.1436, 'cbc_max': 1419.73, 'f_q': 2.8055, 'ao_abs': 0.0415, 'dist': 24.755999999999972, 'feasible': False}
{'pair': 'H3_H4', 'status': 'converged', 'cyclen': 654.095, 'f_r': 2.279, 'cbc_max': 1500.84, 'f_q': 3.0042, 'ao_abs': 0.0582, 'dist': 29.095000000000027, 'feasible': False}
{'pair': 'H1_H2', 'status': 'converged', 'cyclen': 644.67, 'f_r': 2.1893, 'cbc_max': 1558.22, 'f_q': 2.8838, 'ao_abs': 0.045, 'dist': 19.66999999999996, 'feasible': False}
{'pair': 'H1_H2', 'status': 'converged', 'cyclen': 652.714, 'f_r': 2.0497, 'cbc_max': 1409.98, 'f_q': 2.6617, 'ao_abs': 0.0671, 'dist': 27.714000000000055, 'feasible': False}
{'pair': 'H3_H4', 'status': 'converged', 'cyclen': 652.854, 'f_r': 1.9154, 'cbc_max': 1488.24, 'f_q': 2.4124, 'ao_abs': 0.0471, 'dist': 27.854000000000042, 'feasible': False}
{'pair': 'H3_H4', 'status': 'converged', 'cyclen': 650.893, 'f_r': 2.1499, 'cbc_max': 1462.31, 'f_q': 3.026, 'ao_abs': 0.0943, 'dist': 25.89300000000003, 'feasible': False}
{'pair': 'H3_H4', 'status': 'converged', 'cyclen': 653.56, 'f_r': 2.0407, 'cbc_max': 1455.16, 'f_q': 2.727, 'ao_abs': 0.0676, 'dist': 28.559999999999945, 'feasible': False}
{'pair': 'H3_H4', 'status': 'converged', 'cyclen': 649.869, 'f_r': 1.8583, 'cbc_max': 1404.23, 'f_q': 2.3451, 'ao_abs': 0.0308, 'dist': 24.869000000000028, 'feasible': False}
