DB 6113 cores, 4569 eq_ok & feasible; mesh 55 cells, 8 feasible
mass-balance B_d vs DB discharge: -0.520% +/- 0.098% (n=6099, 14 outliers dropped)

=== verdicts ===
verdict
pool-starved    20
model-right      8
not-in-mesh      6
model-biased     2
 segment  feed  db_min_f_r  mesh_min_pred_f_r  f_r_bias_tail  corrected_floor  gap_total  gap_pool      verdict
     5.0   101      1.5295                NaN       0.040449              NaN        NaN       NaN  not-in-mesh
     5.0   105      1.5235           1.739887      -0.031953         1.771840   0.216387  0.248340 pool-starved
     5.0   109      1.5290           1.595146       0.038070         1.557076   0.066146  0.028076 pool-starved
     5.0   113      1.5329           1.599209       0.021739         1.577470   0.066309  0.044570 pool-starved
     5.0   117      1.5224           1.528236       0.040536         1.487701   0.005836 -0.034699  model-right
     5.0   121      1.4971           1.494876       0.028705         1.466171  -0.002224 -0.030929  model-right
     5.1   101      1.5005                NaN       0.027513              NaN        NaN       NaN  not-in-mesh
     5.1   105      1.5323           1.672576      -0.102019         1.774595   0.140276  0.242295 pool-starved
     5.1   109      1.5321           1.655317       0.032767         1.622550   0.123217  0.090450 pool-starved
     5.1   113      1.5261           1.597801      -0.014436         1.612237   0.071701  0.086137 pool-starved
     5.1   117      1.5180           1.523367       0.017393         1.505974   0.005367 -0.012026  model-right
     5.1   121      1.5175           1.492595       0.011523         1.481072  -0.024905 -0.036428  model-right
     5.2   101      1.5115                NaN            NaN              NaN        NaN       NaN  not-in-mesh
     5.2   105      1.5227           1.698795            NaN              NaN   0.176095       NaN pool-starved
     5.2   109      1.5409           1.665865       0.034116         1.631749   0.124965  0.090849 pool-starved
     5.2   113      1.5442           1.620462       0.000608         1.619854   0.076262  0.075654 pool-starved
     5.2   117      1.5168           1.527123       0.021934         1.505189   0.010323 -0.011611  model-right
     5.2   121      1.5231           1.496562      -0.006708         1.503270  -0.026538 -0.019830  model-right
     5.3   101      1.5137                NaN       0.034088              NaN        NaN       NaN  not-in-mesh
     5.3   105      1.5059           1.757394       0.014211         1.743184   0.251494  0.237284 pool-starved
     5.3   109      1.5304           1.670228       0.042858         1.627370   0.139828  0.096970 pool-starved
     5.3   113      1.5394           1.670942       0.018059         1.652883   0.131542  0.113483 pool-starved
     5.3   117      1.5315           1.557521       0.014767         1.542754   0.026021  0.011254 model-biased
     5.3   121      1.5198           1.490953       0.004238         1.486714  -0.028847 -0.033086  model-right
     5.4   101      1.4958                NaN       0.015835              NaN        NaN       NaN  not-in-mesh
     5.4   105      1.5024           1.737234       0.001241         1.735993   0.234834  0.233593 pool-starved
     5.4   109      1.5380           1.698412       0.028457         1.669955   0.160412  0.131955 pool-starved
     5.4   113      1.5374           1.622632       0.026639         1.595992   0.085232  0.058592 pool-starved
     5.4   117      1.5249           1.576839       0.011852         1.564987   0.051939  0.040087 pool-starved
     5.4   121      1.5202           1.509445       0.017041         1.492404  -0.010755 -0.027796  model-right
     5.5   101      1.5104                NaN       0.049691              NaN        NaN       NaN  not-in-mesh
     5.5   105      1.5110           1.733501       0.022167         1.711334   0.222501  0.200334 pool-starved
     5.5   109      1.5449           1.705349       0.031706         1.673644   0.160449  0.128744 pool-starved
     5.5   113      1.5450           1.626019       0.022695         1.603324   0.081019  0.058324 pool-starved
     5.5   117      1.5346           1.600840       0.027430         1.573409   0.066240  0.038809 pool-starved
     5.5   121      1.5168           1.552558       0.028265         1.524293   0.035758  0.007493 model-biased

wrote 3 figures to C:\Users\USER\Desktop\CT&RPL\2_Project\KNF_LEU+ 시범연료봉 장전 인허가 과제\2026\2_계산\5_RL\data\reports\scoping_mesh_20260815
DB 6113 cores, 4569 eq_ok & feasible; mesh 55 cells, 8 feasible
mass-balance B_d vs DB discharge: -0.520% +/- 0.098% (n=6099, 14 outliers dropped)

=== verdicts ===
verdict
pool-starved    20
model-right      8
not-in-mesh      6
model-biased     2
 segment  feed  db_min_f_r  mesh_min_pred_f_r  f_r_bias_tail  corrected_floor  gap_total  gap_pool      verdict
     5.0   101      1.5295                NaN       0.040449              NaN        NaN       NaN  not-in-mesh
     5.0   105      1.5235           1.739887      -0.031953         1.771840   0.216387  0.248340 pool-starved
     5.0   109      1.5290           1.595146       0.038070         1.557076   0.066146  0.028076 pool-starved
     5.0   113      1.5329           1.599209       0.021739         1.577470   0.066309  0.044570 pool-starved
     5.0   117      1.5224           1.528236       0.040536         1.487701   0.005836 -0.034699  model-right
     5.0   121      1.4971           1.494876       0.028705         1.466171  -0.002224 -0.030929  model-right
     5.1   101      1.5005                NaN       0.027513              NaN        NaN       NaN  not-in-mesh
     5.1   105      1.5323           1.672576      -0.102019         1.774595   0.140276  0.242295 pool-starved
     5.1   109      1.5321           1.655317       0.032767         1.622550   0.123217  0.090450 pool-starved
     5.1   113      1.5261           1.597801      -0.014436         1.612237   0.071701  0.086137 pool-starved
     5.1   117      1.5180           1.523367       0.017393         1.505974   0.005367 -0.012026  model-right
     5.1   121      1.5175           1.492595       0.011523         1.481072  -0.024905 -0.036428  model-right
     5.2   101      1.5115                NaN            NaN              NaN        NaN       NaN  not-in-mesh
     5.2   105      1.5227           1.698795            NaN              NaN   0.176095       NaN pool-starved
     5.2   109      1.5409           1.665865       0.034116         1.631749   0.124965  0.090849 pool-starved
     5.2   113      1.5442           1.620462       0.000608         1.619854   0.076262  0.075654 pool-starved
     5.2   117      1.5168           1.527123       0.021934         1.505189   0.010323 -0.011611  model-right
     5.2   121      1.5231           1.496562      -0.006708         1.503270  -0.026538 -0.019830  model-right
     5.3   101      1.5137                NaN       0.034088              NaN        NaN       NaN  not-in-mesh
     5.3   105      1.5059           1.757394       0.014211         1.743184   0.251494  0.237284 pool-starved
     5.3   109      1.5304           1.670228       0.042858         1.627370   0.139828  0.096970 pool-starved
     5.3   113      1.5394           1.670942       0.018059         1.652883   0.131542  0.113483 pool-starved
     5.3   117      1.5315           1.557521       0.014767         1.542754   0.026021  0.011254 model-biased
     5.3   121      1.5198           1.490953       0.004238         1.486714  -0.028847 -0.033086  model-right
     5.4   101      1.4958                NaN       0.015835              NaN        NaN       NaN  not-in-mesh
     5.4   105      1.5024           1.737234       0.001241         1.735993   0.234834  0.233593 pool-starved
     5.4   109      1.5380           1.698412       0.028457         1.669955   0.160412  0.131955 pool-starved
     5.4   113      1.5374           1.622632       0.026639         1.595992   0.085232  0.058592 pool-starved
     5.4   117      1.5249           1.576839       0.011852         1.564987   0.051939  0.040087 pool-starved
     5.4   121      1.5202           1.509445       0.017041         1.492404  -0.010755 -0.027796  model-right
     5.5   101      1.5104                NaN       0.049691              NaN        NaN       NaN  not-in-mesh
     5.5   105      1.5110           1.733501       0.022167         1.711334   0.222501  0.200334 pool-starved
     5.5   109      1.5449           1.705349       0.031706         1.673644   0.160449  0.128744 pool-starved
     5.5   113      1.5450           1.626019       0.022695         1.603324   0.081019  0.058324 pool-starved
     5.5   117      1.5346           1.600840       0.027430         1.573409   0.066240  0.038809 pool-starved
     5.5   121      1.5168           1.552558       0.028265         1.524293   0.035758  0.007493 model-biased

wrote 3 figures to C:\Users\USER\Desktop\CT&RPL\2_Project\KNF_LEU+ 시범연료봉 장전 인허가 과제\2026\2_계산\5_RL\data\reports\scoping_mesh_20260815
DB 6113 cores, 4569 eq_ok & feasible; mesh 55 cells, 8 feasible
mass-balance B_d vs DB discharge: -0.520% +/- 0.098% (n=6099, 14 outliers dropped)
  bias sample seg 5.0 feed 101: 100 rows
  bias sample seg 5.0 feed 105: 40 rows
  bias sample seg 5.0 feed 109: 100 rows
  bias sample seg 5.0 feed 113: 100 rows
  bias sample seg 5.0 feed 117: 100 rows
  bias sample seg 5.0 feed 121: 100 rows
  bias sample seg 5.1 feed 101: 100 rows
  bias sample seg 5.1 feed 105: 21 rows
  bias sample seg 5.1 feed 109: 100 rows
  bias sample seg 5.1 feed 113: 44 rows
  bias sample seg 5.1 feed 117: 100 rows
  bias sample seg 5.1 feed 121: 100 rows
  bias sample seg 5.2 feed 109: 100 rows
  bias sample seg 5.2 feed 113: 55 rows
  bias sample seg 5.2 feed 117: 100 rows
  bias sample seg 5.2 feed 121: 100 rows
  bias sample seg 5.3 feed 101: 100 rows
  bias sample seg 5.3 feed 105: 48 rows
  bias sample seg 5.3 feed 109: 100 rows
  bias sample seg 5.3 feed 113: 73 rows
  bias sample seg 5.3 feed 117: 100 rows
  bias sample seg 5.3 feed 121: 100 rows
  bias sample seg 5.4 feed 101: 87 rows
  bias sample seg 5.4 feed 105: 52 rows
  bias sample seg 5.4 feed 109: 100 rows
  bias sample seg 5.4 feed 113: 100 rows
  bias sample seg 5.4 feed 117: 100 rows
  bias sample seg 5.4 feed 121: 100 rows
  bias sample seg 5.5 feed 101: 100 rows
  bias sample seg 5.5 feed 105: 100 rows
  bias sample seg 5.5 feed 109: 100 rows
  bias sample seg 5.5 feed 113: 100 rows
  bias sample seg 5.5 feed 117: 100 rows
  bias sample seg 5.5 feed 121: 100 rows
model bias sample: 3020 store rows in 177s

=== verdicts ===
verdict
pool-starved    20
model-right      8
not-in-mesh      6
model-biased     2
 segment  feed  db_min_f_r  mesh_min_pred_f_r  f_r_bias_tail  corrected_floor  gap_total  gap_pool      verdict
     5.0   101      1.5295                NaN       0.025404              NaN        NaN       NaN  not-in-mesh
     5.0   105      1.5235           1.739887      -0.033551         1.773438   0.216387  0.249938 pool-starved
     5.0   109      1.5290           1.595146       0.019618         1.575528   0.066146  0.046528 pool-starved
     5.0   113      1.5329           1.599209       0.025880         1.573329   0.066309  0.040429 pool-starved
     5.0   117      1.5224           1.528236       0.026699         1.501537   0.005836 -0.020863  model-right
     5.0   121      1.4971           1.494876       0.027189         1.467687  -0.002224 -0.029413  model-right
     5.1   101      1.5005                NaN       0.023040              NaN        NaN       NaN  not-in-mesh
     5.1   105      1.5323           1.672576      -0.089567         1.762143   0.140276  0.229843 pool-starved
     5.1   109      1.5321           1.655317       0.015865         1.639452   0.123217  0.107352 pool-starved
     5.1   113      1.5261           1.597801      -0.014354         1.612155   0.071701  0.086055 pool-starved
     5.1   117      1.5180           1.523367       0.017927         1.505440   0.005367 -0.012560  model-right
     5.1   121      1.5175           1.492595       0.007189         1.485406  -0.024905 -0.032094  model-right
     5.2   101      1.5115                NaN            NaN              NaN        NaN       NaN  not-in-mesh
     5.2   105      1.5227           1.698795            NaN              NaN   0.176095       NaN pool-starved
     5.2   109      1.5409           1.665865       0.033257         1.632608   0.124965  0.091708 pool-starved
     5.2   113      1.5442           1.620462      -0.007545         1.628007   0.076262  0.083807 pool-starved
     5.2   117      1.5168           1.527123       0.021146         1.505977   0.010323 -0.010823  model-right
     5.2   121      1.5231           1.496562      -0.012182         1.508744  -0.026538 -0.014356  model-right
     5.3   101      1.5137                NaN       0.031164              NaN        NaN       NaN  not-in-mesh
     5.3   105      1.5059           1.757394       0.011561         1.745834   0.251494  0.239934 pool-starved
     5.3   109      1.5304           1.670228       0.051232         1.618996   0.139828  0.088596 pool-starved
     5.3   113      1.5394           1.670942       0.008380         1.662562   0.131542  0.123162 pool-starved
     5.3   117      1.5315           1.557521       0.013491         1.544030   0.026021  0.012530 model-biased
     5.3   121      1.5198           1.490953       0.004823         1.486130  -0.028847 -0.033670  model-right
     5.4   101      1.4958                NaN       0.009483              NaN        NaN       NaN  not-in-mesh
     5.4   105      1.5024           1.737234       0.007320         1.729914   0.234834  0.227514 pool-starved
     5.4   109      1.5380           1.698412       0.016772         1.681639   0.160412  0.143639 pool-starved
     5.4   113      1.5374           1.622632       0.006394         1.616238   0.085232  0.078838 pool-starved
     5.4   117      1.5249           1.576839       0.011821         1.565017   0.051939  0.040117 pool-starved
     5.4   121      1.5202           1.509445       0.016176         1.493269  -0.010755 -0.026931  model-right
     5.5   101      1.5104                NaN       0.032581              NaN        NaN       NaN  not-in-mesh
     5.5   105      1.5110           1.733501       0.013219         1.720282   0.222501  0.209282 pool-starved
     5.5   109      1.5449           1.705349       0.055275         1.650074   0.160449  0.105174 pool-starved
     5.5   113      1.5450           1.626019       0.016733         1.609285   0.081019  0.064285 pool-starved
     5.5   117      1.5346           1.600840       0.016733         1.584107   0.066240  0.049507 pool-starved
     5.5   121      1.5168           1.552558       0.031156         1.521402   0.035758  0.004602 model-biased

wrote 3 figures to C:\Users\USER\Desktop\CT&RPL\2_Project\KNF_LEU+ 시범연료봉 장전 인허가 과제\2026\2_계산\5_RL\data\reports\scoping_mesh_20260815
