DB 6113 cores, 4569 eq_ok & feasible; mesh 55 cells, 10 feasible
mass-balance B_d vs DB discharge: -0.520% +/- 0.098% (n=6099, 14 outliers dropped)

=== verdicts ===
verdict
pool-starved    20
model-right     10
not-in-mesh      6
 segment  feed  db_min_f_r  mesh_min_pred_f_r  f_r_bias_tail  corrected_floor  gap_total  gap_pool      verdict
     5.0   101      1.5295                NaN       0.018662              NaN        NaN       NaN  not-in-mesh
     5.0   105      1.5235           1.756545      -0.032141         1.788685   0.233045  0.265185 pool-starved
     5.0   109      1.5290           1.641716       0.032488         1.609229   0.112716  0.080229 pool-starved
     5.0   113      1.5329           1.624929      -0.036158         1.661087   0.092029  0.128187 pool-starved
     5.0   117      1.5224           1.545874       0.041123         1.504751   0.023474 -0.017649  model-right
     5.0   121      1.4971           1.481846       0.013596         1.468250  -0.015254 -0.028850  model-right
     5.1   101      1.5005                NaN       0.020254              NaN        NaN       NaN  not-in-mesh
     5.1   105      1.5323           1.673472      -0.113368         1.786840   0.141172  0.254540 pool-starved
     5.1   109      1.5321           1.625677       0.018491         1.607186   0.093577  0.075086 pool-starved
     5.1   113      1.5261           1.606694      -0.017986         1.624681   0.080594  0.098581 pool-starved
     5.1   117      1.5180           1.524854       0.023840         1.501014   0.006854 -0.016986  model-right
     5.1   121      1.5175           1.488182       0.009974         1.478208  -0.029318 -0.039292  model-right
     5.2   101      1.5115                NaN            NaN              NaN        NaN       NaN  not-in-mesh
     5.2   105      1.5227           1.676962            NaN              NaN   0.154262       NaN pool-starved
     5.2   109      1.5409           1.669134            NaN              NaN   0.128234       NaN pool-starved
     5.2   113      1.5442           1.608304      -0.001316         1.609620   0.064104  0.065420 pool-starved
     5.2   117      1.5168           1.533563       0.024293         1.509270   0.016763 -0.007530  model-right
     5.2   121      1.5231           1.491307      -0.008124         1.499430  -0.031793 -0.023670  model-right
     5.3   101      1.5137                NaN       0.024847              NaN        NaN       NaN  not-in-mesh
     5.3   105      1.5059           1.748658       0.005224         1.743434   0.242758  0.237534 pool-starved
     5.3   109      1.5304           1.631471       0.025993         1.605478   0.101071  0.075078 pool-starved
     5.3   113      1.5394           1.686802       0.020528         1.666274   0.147402  0.126874 pool-starved
     5.3   117      1.5315           1.546226       0.010922         1.535304   0.014726  0.003804  model-right
     5.3   121      1.5198           1.486194       0.003615         1.482579  -0.033606 -0.037221  model-right
     5.4   101      1.4958                NaN       0.033281              NaN        NaN       NaN  not-in-mesh
     5.4   105      1.5024           1.703198       0.005464         1.697734   0.200798  0.195334 pool-starved
     5.4   109      1.5380           1.660393       0.023665         1.636728   0.122393  0.098728 pool-starved
     5.4   113      1.5374           1.693104       0.029181         1.663923   0.155704  0.126523 pool-starved
     5.4   117      1.5249           1.562574       0.002438         1.560136   0.037674  0.035236 pool-starved
     5.4   121      1.5202           1.494299       0.014919         1.479380  -0.025901 -0.040820  model-right
     5.5   101      1.5104                NaN       0.030530              NaN        NaN       NaN  not-in-mesh
     5.5   105      1.5110           1.694198       0.014270         1.679929   0.183198  0.168929 pool-starved
     5.5   109      1.5449           1.656108       0.015268         1.640840   0.111208  0.095940 pool-starved
     5.5   113      1.5450           1.624629       0.018014         1.606615   0.079629  0.061615 pool-starved
     5.5   117      1.5346           1.606717       0.015101         1.591616   0.072117  0.057016 pool-starved
     5.5   121      1.5168           1.522251       0.028951         1.493300   0.005451 -0.023500  model-right

wrote 3 figures to C:\Users\USER\Desktop\CT&RPL\2_Project\KNF_LEU+ 시범연료봉 장전 인허가 과제\2026\2_계산\5_RL\data\reports\scoping_mesh_20260815
DB 6113 cores, 4569 eq_ok & feasible; mesh 55 cells, 10 feasible
mass-balance B_d vs DB discharge: -0.520% +/- 0.098% (n=6099, 14 outliers dropped)

=== verdicts ===
verdict
pool-starved    20
model-right     10
not-in-mesh      6
 segment  feed  db_min_f_r  mesh_min_pred_f_r  f_r_bias_tail  corrected_floor  gap_total  gap_pool      verdict
     5.0   101      1.5295                NaN       0.018662              NaN        NaN       NaN  not-in-mesh
     5.0   105      1.5235           1.756545      -0.032141         1.788685   0.233045  0.265185 pool-starved
     5.0   109      1.5290           1.641716       0.032488         1.609229   0.112716  0.080229 pool-starved
     5.0   113      1.5329           1.624929      -0.036158         1.661087   0.092029  0.128187 pool-starved
     5.0   117      1.5224           1.545874       0.041123         1.504751   0.023474 -0.017649  model-right
     5.0   121      1.4971           1.481846       0.013596         1.468250  -0.015254 -0.028850  model-right
     5.1   101      1.5005                NaN       0.020254              NaN        NaN       NaN  not-in-mesh
     5.1   105      1.5323           1.673472      -0.113368         1.786840   0.141172  0.254540 pool-starved
     5.1   109      1.5321           1.625677       0.018491         1.607186   0.093577  0.075086 pool-starved
     5.1   113      1.5261           1.606694      -0.017986         1.624681   0.080594  0.098581 pool-starved
     5.1   117      1.5180           1.524854       0.023840         1.501014   0.006854 -0.016986  model-right
     5.1   121      1.5175           1.488182       0.009974         1.478208  -0.029318 -0.039292  model-right
     5.2   101      1.5115                NaN            NaN              NaN        NaN       NaN  not-in-mesh
     5.2   105      1.5227           1.676962            NaN              NaN   0.154262       NaN pool-starved
     5.2   109      1.5409           1.669134            NaN              NaN   0.128234       NaN pool-starved
     5.2   113      1.5442           1.608304      -0.001316         1.609620   0.064104  0.065420 pool-starved
     5.2   117      1.5168           1.533563       0.024293         1.509270   0.016763 -0.007530  model-right
     5.2   121      1.5231           1.491307      -0.008124         1.499430  -0.031793 -0.023670  model-right
     5.3   101      1.5137                NaN       0.024847              NaN        NaN       NaN  not-in-mesh
     5.3   105      1.5059           1.748658       0.005224         1.743434   0.242758  0.237534 pool-starved
     5.3   109      1.5304           1.631471       0.025993         1.605478   0.101071  0.075078 pool-starved
     5.3   113      1.5394           1.686802       0.020528         1.666274   0.147402  0.126874 pool-starved
     5.3   117      1.5315           1.546226       0.010922         1.535304   0.014726  0.003804  model-right
     5.3   121      1.5198           1.486194       0.003615         1.482579  -0.033606 -0.037221  model-right
     5.4   101      1.4958                NaN       0.033281              NaN        NaN       NaN  not-in-mesh
     5.4   105      1.5024           1.703198       0.005464         1.697734   0.200798  0.195334 pool-starved
     5.4   109      1.5380           1.660393       0.023665         1.636728   0.122393  0.098728 pool-starved
     5.4   113      1.5374           1.693104       0.029181         1.663923   0.155704  0.126523 pool-starved
     5.4   117      1.5249           1.562574       0.002438         1.560136   0.037674  0.035236 pool-starved
     5.4   121      1.5202           1.494299       0.014919         1.479380  -0.025901 -0.040820  model-right
     5.5   101      1.5104                NaN       0.030530              NaN        NaN       NaN  not-in-mesh
     5.5   105      1.5110           1.694198       0.014270         1.679929   0.183198  0.168929 pool-starved
     5.5   109      1.5449           1.656108       0.015268         1.640840   0.111208  0.095940 pool-starved
     5.5   113      1.5450           1.624629       0.018014         1.606615   0.079629  0.061615 pool-starved
     5.5   117      1.5346           1.606717       0.015101         1.591616   0.072117  0.057016 pool-starved
     5.5   121      1.5168           1.522251       0.028951         1.493300   0.005451 -0.023500  model-right

wrote 3 figures to C:\Users\USER\Desktop\CT&RPL\2_Project\KNF_LEU+ 시범연료봉 장전 인허가 과제\2026\2_계산\5_RL\data\reports\scoping_mesh_20260815
DB 6113 cores, 4569 eq_ok & feasible; mesh 55 cells, 10 feasible
mass-balance B_d vs DB discharge: -0.520% +/- 0.098% (n=6099, 14 outliers dropped)

=== verdicts ===
verdict
pool-starved    20
model-right     10
not-in-mesh      6
 segment  feed  db_min_f_r  mesh_min_pred_f_r  f_r_bias_tail  corrected_floor  gap_total  gap_pool      verdict
     5.0   101      1.5295                NaN       0.018662              NaN        NaN       NaN  not-in-mesh
     5.0   105      1.5235           1.756545      -0.032141         1.788685   0.233045  0.265185 pool-starved
     5.0   109      1.5290           1.641716       0.032488         1.609229   0.112716  0.080229 pool-starved
     5.0   113      1.5329           1.624929      -0.036158         1.661087   0.092029  0.128187 pool-starved
     5.0   117      1.5224           1.545874       0.041123         1.504751   0.023474 -0.017649  model-right
     5.0   121      1.4971           1.481846       0.013596         1.468250  -0.015254 -0.028850  model-right
     5.1   101      1.5005                NaN       0.020254              NaN        NaN       NaN  not-in-mesh
     5.1   105      1.5323           1.673472      -0.113368         1.786840   0.141172  0.254540 pool-starved
     5.1   109      1.5321           1.625677       0.018491         1.607186   0.093577  0.075086 pool-starved
     5.1   113      1.5261           1.606694      -0.017986         1.624681   0.080594  0.098581 pool-starved
     5.1   117      1.5180           1.524854       0.023840         1.501014   0.006854 -0.016986  model-right
     5.1   121      1.5175           1.488182       0.009974         1.478208  -0.029318 -0.039292  model-right
     5.2   101      1.5115                NaN            NaN              NaN        NaN       NaN  not-in-mesh
     5.2   105      1.5227           1.676962            NaN              NaN   0.154262       NaN pool-starved
     5.2   109      1.5409           1.669134            NaN              NaN   0.128234       NaN pool-starved
     5.2   113      1.5442           1.608304      -0.001316         1.609620   0.064104  0.065420 pool-starved
     5.2   117      1.5168           1.533563       0.024293         1.509270   0.016763 -0.007530  model-right
     5.2   121      1.5231           1.491307      -0.008124         1.499430  -0.031793 -0.023670  model-right
     5.3   101      1.5137                NaN       0.024847              NaN        NaN       NaN  not-in-mesh
     5.3   105      1.5059           1.748658       0.005224         1.743434   0.242758  0.237534 pool-starved
     5.3   109      1.5304           1.631471       0.025993         1.605478   0.101071  0.075078 pool-starved
     5.3   113      1.5394           1.686802       0.020528         1.666274   0.147402  0.126874 pool-starved
     5.3   117      1.5315           1.546226       0.010922         1.535304   0.014726  0.003804  model-right
     5.3   121      1.5198           1.486194       0.003615         1.482579  -0.033606 -0.037221  model-right
     5.4   101      1.4958                NaN       0.033281              NaN        NaN       NaN  not-in-mesh
     5.4   105      1.5024           1.703198       0.005464         1.697734   0.200798  0.195334 pool-starved
     5.4   109      1.5380           1.660393       0.023665         1.636728   0.122393  0.098728 pool-starved
     5.4   113      1.5374           1.693104       0.029181         1.663923   0.155704  0.126523 pool-starved
     5.4   117      1.5249           1.562574       0.002438         1.560136   0.037674  0.035236 pool-starved
     5.4   121      1.5202           1.494299       0.014919         1.479380  -0.025901 -0.040820  model-right
     5.5   101      1.5104                NaN       0.030530              NaN        NaN       NaN  not-in-mesh
     5.5   105      1.5110           1.694198       0.014270         1.679929   0.183198  0.168929 pool-starved
     5.5   109      1.5449           1.656108       0.015268         1.640840   0.111208  0.095940 pool-starved
     5.5   113      1.5450           1.624629       0.018014         1.606615   0.079629  0.061615 pool-starved
     5.5   117      1.5346           1.606717       0.015101         1.591616   0.072117  0.057016 pool-starved
     5.5   121      1.5168           1.522251       0.028951         1.493300   0.005451 -0.023500  model-right

wrote 3 figures to C:\Users\USER\Desktop\CT&RPL\2_Project\KNF_LEU+ 시범연료봉 장전 인허가 과제\2026\2_계산\5_RL\data\reports\scoping_mesh_20260815
DB 6113 cores, 4569 eq_ok & feasible; mesh 55 cells, 10 feasible
mass-balance B_d vs DB discharge: -0.520% +/- 0.098% (n=6099, 14 outliers dropped)

=== verdicts ===
verdict
pool-starved    20
model-right     10
not-in-mesh      6
 segment  feed  db_min_f_r  mesh_min_pred_f_r  f_r_bias_tail  corrected_floor  gap_total  gap_pool      verdict
     5.0   101      1.5295                NaN       0.018662              NaN        NaN       NaN  not-in-mesh
     5.0   105      1.5235           1.756545      -0.032141         1.788685   0.233045  0.265185 pool-starved
     5.0   109      1.5290           1.641716       0.032488         1.609229   0.112716  0.080229 pool-starved
     5.0   113      1.5329           1.624929      -0.036158         1.661087   0.092029  0.128187 pool-starved
     5.0   117      1.5224           1.545874       0.041123         1.504751   0.023474 -0.017649  model-right
     5.0   121      1.4971           1.481846       0.013596         1.468250  -0.015254 -0.028850  model-right
     5.1   101      1.5005                NaN       0.020254              NaN        NaN       NaN  not-in-mesh
     5.1   105      1.5323           1.673472      -0.113368         1.786840   0.141172  0.254540 pool-starved
     5.1   109      1.5321           1.625677       0.018491         1.607186   0.093577  0.075086 pool-starved
     5.1   113      1.5261           1.606694      -0.017986         1.624681   0.080594  0.098581 pool-starved
     5.1   117      1.5180           1.524854       0.023840         1.501014   0.006854 -0.016986  model-right
     5.1   121      1.5175           1.488182       0.009974         1.478208  -0.029318 -0.039292  model-right
     5.2   101      1.5115                NaN            NaN              NaN        NaN       NaN  not-in-mesh
     5.2   105      1.5227           1.676962            NaN              NaN   0.154262       NaN pool-starved
     5.2   109      1.5409           1.669134            NaN              NaN   0.128234       NaN pool-starved
     5.2   113      1.5442           1.608304      -0.001316         1.609620   0.064104  0.065420 pool-starved
     5.2   117      1.5168           1.533563       0.024293         1.509270   0.016763 -0.007530  model-right
     5.2   121      1.5231           1.491307      -0.008124         1.499430  -0.031793 -0.023670  model-right
     5.3   101      1.5137                NaN       0.024847              NaN        NaN       NaN  not-in-mesh
     5.3   105      1.5059           1.748658       0.005224         1.743434   0.242758  0.237534 pool-starved
     5.3   109      1.5304           1.631471       0.025993         1.605478   0.101071  0.075078 pool-starved
     5.3   113      1.5394           1.686802       0.020528         1.666274   0.147402  0.126874 pool-starved
     5.3   117      1.5315           1.546226       0.010922         1.535304   0.014726  0.003804  model-right
     5.3   121      1.5198           1.486194       0.003615         1.482579  -0.033606 -0.037221  model-right
     5.4   101      1.4958                NaN       0.033281              NaN        NaN       NaN  not-in-mesh
     5.4   105      1.5024           1.703198       0.005464         1.697734   0.200798  0.195334 pool-starved
     5.4   109      1.5380           1.660393       0.023665         1.636728   0.122393  0.098728 pool-starved
     5.4   113      1.5374           1.693104       0.029181         1.663923   0.155704  0.126523 pool-starved
     5.4   117      1.5249           1.562574       0.002438         1.560136   0.037674  0.035236 pool-starved
     5.4   121      1.5202           1.494299       0.014919         1.479380  -0.025901 -0.040820  model-right
     5.5   101      1.5104                NaN       0.030530              NaN        NaN       NaN  not-in-mesh
     5.5   105      1.5110           1.694198       0.014270         1.679929   0.183198  0.168929 pool-starved
     5.5   109      1.5449           1.656108       0.015268         1.640840   0.111208  0.095940 pool-starved
     5.5   113      1.5450           1.624629       0.018014         1.606615   0.079629  0.061615 pool-starved
     5.5   117      1.5346           1.606717       0.015101         1.591616   0.072117  0.057016 pool-starved
     5.5   121      1.5168           1.522251       0.028951         1.493300   0.005451 -0.023500  model-right

wrote 3 figures to C:\Users\USER\Desktop\CT&RPL\2_Project\KNF_LEU+ 시범연료봉 장전 인허가 과제\2026\2_계산\5_RL\data\reports\scoping_mesh_20260815
DB 6113 cores, 4569 eq_ok & feasible; mesh 55 cells, 10 feasible
mass-balance B_d vs DB discharge: -0.520% +/- 0.098% (n=6099, 14 outliers dropped)

=== verdicts ===
verdict
pool-starved    20
model-right     10
not-in-mesh      6
 segment  feed  db_min_f_r  mesh_min_pred_f_r  f_r_bias_tail  corrected_floor  gap_total  gap_pool      verdict
     5.0   101      1.5295                NaN       0.018662              NaN        NaN       NaN  not-in-mesh
     5.0   105      1.5235           1.756545      -0.032141         1.788685   0.233045  0.265185 pool-starved
     5.0   109      1.5290           1.641716       0.032488         1.609229   0.112716  0.080229 pool-starved
     5.0   113      1.5329           1.624929      -0.036158         1.661087   0.092029  0.128187 pool-starved
     5.0   117      1.5224           1.545874       0.041123         1.504751   0.023474 -0.017649  model-right
     5.0   121      1.4971           1.481846       0.013596         1.468250  -0.015254 -0.028850  model-right
     5.1   101      1.5005                NaN       0.020254              NaN        NaN       NaN  not-in-mesh
     5.1   105      1.5323           1.673472      -0.113368         1.786840   0.141172  0.254540 pool-starved
     5.1   109      1.5321           1.625677       0.018491         1.607186   0.093577  0.075086 pool-starved
     5.1   113      1.5261           1.606694      -0.017986         1.624681   0.080594  0.098581 pool-starved
     5.1   117      1.5180           1.524854       0.023840         1.501014   0.006854 -0.016986  model-right
     5.1   121      1.5175           1.488182       0.009974         1.478208  -0.029318 -0.039292  model-right
     5.2   101      1.5115                NaN            NaN              NaN        NaN       NaN  not-in-mesh
     5.2   105      1.5227           1.676962            NaN              NaN   0.154262       NaN pool-starved
     5.2   109      1.5409           1.669134            NaN              NaN   0.128234       NaN pool-starved
     5.2   113      1.5442           1.608304      -0.001316         1.609620   0.064104  0.065420 pool-starved
     5.2   117      1.5168           1.533563       0.024293         1.509270   0.016763 -0.007530  model-right
     5.2   121      1.5231           1.491307      -0.008124         1.499430  -0.031793 -0.023670  model-right
     5.3   101      1.5137                NaN       0.024847              NaN        NaN       NaN  not-in-mesh
     5.3   105      1.5059           1.748658       0.005224         1.743434   0.242758  0.237534 pool-starved
     5.3   109      1.5304           1.631471       0.025993         1.605478   0.101071  0.075078 pool-starved
     5.3   113      1.5394           1.686802       0.020528         1.666274   0.147402  0.126874 pool-starved
     5.3   117      1.5315           1.546226       0.010922         1.535304   0.014726  0.003804  model-right
     5.3   121      1.5198           1.486194       0.003615         1.482579  -0.033606 -0.037221  model-right
     5.4   101      1.4958                NaN       0.033281              NaN        NaN       NaN  not-in-mesh
     5.4   105      1.5024           1.703198       0.005464         1.697734   0.200798  0.195334 pool-starved
     5.4   109      1.5380           1.660393       0.023665         1.636728   0.122393  0.098728 pool-starved
     5.4   113      1.5374           1.693104       0.029181         1.663923   0.155704  0.126523 pool-starved
     5.4   117      1.5249           1.562574       0.002438         1.560136   0.037674  0.035236 pool-starved
     5.4   121      1.5202           1.494299       0.014919         1.479380  -0.025901 -0.040820  model-right
     5.5   101      1.5104                NaN       0.030530              NaN        NaN       NaN  not-in-mesh
     5.5   105      1.5110           1.694198       0.014270         1.679929   0.183198  0.168929 pool-starved
     5.5   109      1.5449           1.656108       0.015268         1.640840   0.111208  0.095940 pool-starved
     5.5   113      1.5450           1.624629       0.018014         1.606615   0.079629  0.061615 pool-starved
     5.5   117      1.5346           1.606717       0.015101         1.591616   0.072117  0.057016 pool-starved
     5.5   121      1.5168           1.522251       0.028951         1.493300   0.005451 -0.023500  model-right

wrote 3 figures to C:\Users\USER\Desktop\CT&RPL\2_Project\KNF_LEU+ 시범연료봉 장전 인허가 과제\2026\2_계산\5_RL\data\reports\scoping_mesh_20260815
DB 6113 cores, 4569 eq_ok & feasible; mesh 55 cells, 10 feasible
mass-balance B_d vs DB discharge: -0.520% +/- 0.098% (n=6099, 14 outliers dropped)

=== verdicts ===
verdict
pool-starved    20
model-right     10
not-in-mesh      6
 segment  feed  db_min_f_r  mesh_min_pred_f_r  f_r_bias_tail  corrected_floor  gap_total  gap_pool      verdict
     5.0   101      1.5295                NaN       0.018662              NaN        NaN       NaN  not-in-mesh
     5.0   105      1.5235           1.756545      -0.032141         1.788685   0.233045  0.265185 pool-starved
     5.0   109      1.5290           1.641716       0.032488         1.609229   0.112716  0.080229 pool-starved
     5.0   113      1.5329           1.624929      -0.036158         1.661087   0.092029  0.128187 pool-starved
     5.0   117      1.5224           1.545874       0.041123         1.504751   0.023474 -0.017649  model-right
     5.0   121      1.4971           1.481846       0.013596         1.468250  -0.015254 -0.028850  model-right
     5.1   101      1.5005                NaN       0.020254              NaN        NaN       NaN  not-in-mesh
     5.1   105      1.5323           1.673472      -0.113368         1.786840   0.141172  0.254540 pool-starved
     5.1   109      1.5321           1.625677       0.018491         1.607186   0.093577  0.075086 pool-starved
     5.1   113      1.5261           1.606694      -0.017986         1.624681   0.080594  0.098581 pool-starved
     5.1   117      1.5180           1.524854       0.023840         1.501014   0.006854 -0.016986  model-right
     5.1   121      1.5175           1.488182       0.009974         1.478208  -0.029318 -0.039292  model-right
     5.2   101      1.5115                NaN            NaN              NaN        NaN       NaN  not-in-mesh
     5.2   105      1.5227           1.676962            NaN              NaN   0.154262       NaN pool-starved
     5.2   109      1.5409           1.669134            NaN              NaN   0.128234       NaN pool-starved
     5.2   113      1.5442           1.608304      -0.001316         1.609620   0.064104  0.065420 pool-starved
     5.2   117      1.5168           1.533563       0.024293         1.509270   0.016763 -0.007530  model-right
     5.2   121      1.5231           1.491307      -0.008124         1.499430  -0.031793 -0.023670  model-right
     5.3   101      1.5137                NaN       0.024847              NaN        NaN       NaN  not-in-mesh
     5.3   105      1.5059           1.748658       0.005224         1.743434   0.242758  0.237534 pool-starved
     5.3   109      1.5304           1.631471       0.025993         1.605478   0.101071  0.075078 pool-starved
     5.3   113      1.5394           1.686802       0.020528         1.666274   0.147402  0.126874 pool-starved
     5.3   117      1.5315           1.546226       0.010922         1.535304   0.014726  0.003804  model-right
     5.3   121      1.5198           1.486194       0.003615         1.482579  -0.033606 -0.037221  model-right
     5.4   101      1.4958                NaN       0.033281              NaN        NaN       NaN  not-in-mesh
     5.4   105      1.5024           1.703198       0.005464         1.697734   0.200798  0.195334 pool-starved
     5.4   109      1.5380           1.660393       0.023665         1.636728   0.122393  0.098728 pool-starved
     5.4   113      1.5374           1.693104       0.029181         1.663923   0.155704  0.126523 pool-starved
     5.4   117      1.5249           1.562574       0.002438         1.560136   0.037674  0.035236 pool-starved
     5.4   121      1.5202           1.494299       0.014919         1.479380  -0.025901 -0.040820  model-right
     5.5   101      1.5104                NaN       0.030530              NaN        NaN       NaN  not-in-mesh
     5.5   105      1.5110           1.694198       0.014270         1.679929   0.183198  0.168929 pool-starved
     5.5   109      1.5449           1.656108       0.015268         1.640840   0.111208  0.095940 pool-starved
     5.5   113      1.5450           1.624629       0.018014         1.606615   0.079629  0.061615 pool-starved
     5.5   117      1.5346           1.606717       0.015101         1.591616   0.072117  0.057016 pool-starved
     5.5   121      1.5168           1.522251       0.028951         1.493300   0.005451 -0.023500  model-right

wrote 3 figures to C:\Users\USER\Desktop\CT&RPL\2_Project\KNF_LEU+ 시범연료봉 장전 인허가 과제\2026\2_계산\5_RL\data\reports\scoping_mesh_20260815
