-- target 5.0: 16 near-ties; top 4
 lib  pair  e_core  spread   d  sup_pair
ga80 E1_E2     5.0     0.0 0.0      2744
ga80 E3_E4     5.0     0.0 0.0      1099
ga80 A2_A8     5.0     0.0 0.0       465
ga80 A2_E1     5.0     0.0 0.0         0
-- target 5.1: 51 near-ties; top 4
 lib  pair  e_core  spread   d  sup_pair
ga80 J1_J2     5.1     0.0 0.0      1343
ga80 J5_J6     5.1     0.0 0.0       247
ga80 J3_J4     5.1     0.0 0.0        11
ga80 J1_J3     5.1     0.0 0.0         0
-- target 5.2: 51 near-ties; top 4
 lib  pair  e_core  spread   d  sup_pair
ga80 K1_K2     5.2     0.0 0.0       963
ga80 K3_K4     5.2     0.0 0.0        50
ga80 K5_K6     5.2     0.0 0.0        19
ga80 K1_K3     5.2     0.0 0.0         0
-- target 5.3: 53 near-ties; top 4
 lib  pair  e_core  spread   d  sup_pair
ga80 L1_L2     5.3     0.0 0.0       839
ga80 L3_L4     5.3     0.0 0.0       618
ga80 L5_L6     5.3     0.0 0.0       585
ga80 L1_L3     5.3     0.0 0.0         0
-- target 5.4: 118 near-ties; top 4
 lib  pair  e_core  spread   d  sup_pair
ga80 N1_N2     5.4     0.0 0.0      1175
ga80 N3_N4     5.4     0.0 0.0       241
ga80 N5_N6     5.4     0.0 0.0        90
ga80 N1_N3     5.4     0.0 0.0         0
-- target 5.5: 62 near-ties; top 4
 lib  pair  e_core  spread   d  sup_pair
ga80 G3_G4     5.5     0.0 0.0      1599
ga80 H3_H4     5.5     0.0 0.0      1219
ga80 H1_H2     5.5     0.0 0.0      1081
ga80 G3_H1     5.5     0.0 0.0         0
-- target 5.6: 9 near-ties; top 4
   lib                        pair   e_core   spread        d  sup_pair
paramA P6253Z2G06N24_P6253Z2G10N24 5.598053 0.008527 0.001947         0
paramA P5853Z1G08N12_P6253Z2G06N24 5.604402 0.021174 0.004402         0
paramA P5853Z1G08N24_P6253Z2G08N16 5.600190 0.136922 0.000190         0
paramA P5853Z1G08N12_P6253Z2G10N24 5.608676 0.012647 0.008676         0
-- target 5.7: 7 near-ties; top 4
   lib                        pair   e_core   spread        d  sup_pair
paramA P5853Z1G08N12_P6253Z1G06N24 5.700414 0.171113 0.000414         0
paramA P6253Z1G06N24_P6253Z2G10N20 5.712441 0.147523 0.012441         0
paramA P6253Z1G06N24_P6253Z2G10N24 5.694438 0.183760 0.005562         0
paramA P6253Z1G06N24_P6253Z2G06N24 5.689933 0.192287 0.010067         0
-- target 5.8: 4 near-ties; top 4
   lib                        pair   e_core   spread        d  sup_pair
paramA P6253Z1G06N24_P6253Z1G08N20 5.805536 0.038916 0.005536       708
paramA P6253Z1G06N24_P6257Z2G08N16 5.820685 0.069168 0.020685         0
paramA P6253Z2G08N16_P6257Z2G06N12 5.776954 0.216530 0.023046         0
paramA P6253Z2G08N16_P6257Z1G06N24 5.774802 0.212644 0.025198         0
-- target 5.9: 4 near-ties; top 4
   lib                        pair   e_core   spread        d  sup_pair
paramA P6253Z1G08N20_P6257Z1G10N12 5.908703 0.167184 0.008703         0
paramA P6253Z1G06N24_P6257Z1G10N12 5.889212 0.206100 0.010788         0
paramA P6257Z1G06N24_P6257Z2G06N12 5.883114 0.003887 0.016886         0
paramA P6257Z1G10N12_P6257Z2G08N16 5.923746 0.136933 0.023746         0
-- target 6.0: 4 near-ties; top 4
   lib                        pair   e_core   spread        d  sup_pair
paramA P6257Z1G10N12_P6656Z2G08N12 6.025508 0.066589 0.025508         0
paramA P6257Z2G06N12_P6656Z2G08N12 5.971863 0.173724 0.028137         0
paramA P6257Z1G06N24_P6656Z2G08N12 5.970090 0.177611 0.029910         0
paramA P6257Z2G08N16_P6656Z2G08N12 5.957127 0.203522 0.042873         0
=== pair -> e_core mapping (50/50 split) ===
 e_target library_id                        pair        type_a        type_b   e_core   spread  d_target  sup_pair  per_fa_tU    M_HM_tU e_targets  n_targets  is_primary
      5.0       ga80                       E1_E2            E1            E2 5.000000 0.000000  0.000000      2744   0.423367 102.031495       5.0          1        True
      5.1       ga80                       J1_J2            J1            J2 5.100000 0.000000  0.000000      1343   0.423367 102.031495       5.1          1        True
      5.2       ga80                       K1_K2            K1            K2 5.200000 0.000000  0.000000       963   0.423367 102.031495       5.2          1        True
      5.3       ga80                       L1_L2            L1            L2 5.300000 0.000000  0.000000       839   0.423367 102.031495       5.3          1        True
      5.4       ga80                       N1_N2            N1            N2 5.400000 0.000000  0.000000      1175   0.423367 102.031495       5.4          1        True
      5.5       ga80                       G3_G4            G3            G4 5.500000 0.000000  0.000000      1599   0.423367 102.031495       5.5          1        True
      5.6     paramA P6253Z2G06N24_P6253Z2G10N24 P6253Z2G06N24 P6253Z2G10N24 5.598053 0.008527  0.001947         0   0.422159 101.740239       5.6          1        True
      5.7     paramA P5853Z1G08N12_P6253Z1G06N24 P5853Z1G08N12 P6253Z1G06N24 5.700414 0.171113  0.000414         0   0.423748 102.123316       5.7          1        True
      5.8     paramA P6253Z1G06N24_P6253Z1G08N20 P6253Z1G06N24 P6253Z1G08N20 5.805536 0.038916  0.005536       708   0.422927 101.925350       5.8          1        True
      5.9     paramA P6253Z1G08N20_P6257Z1G10N12 P6253Z1G08N20 P6257Z1G10N12 5.908703 0.167184  0.008703         0   0.423229 101.998072       5.9          1        True
      6.0     paramA P6257Z1G10N12_P6656Z2G08N12 P6257Z1G10N12 P6656Z2G08N12 6.025508 0.066589  0.025508         0   0.424079 102.203017       6.0          1        True
11 targets -> 11 distinct cells (0 target(s) collapsed onto an already-selected pair)
model: data/models/s1e, 5 members, cpu, 4 torch threads, quantile heads off
flat donors: {'T6_T4': 13, 'E1_E2': 7, 'E3_E4': 2, 'J5_J6': 2} F_r 1.460-1.475
  E1_E2                            f105 e=5.0000 | pool  1200 band  1200 feas    0 | minF_r 1.771 | cyclen      nan | 149s
  E1_E2                            f109 e=5.0000 | pool  1200 band  1200 feas    0 | minF_r 1.639 | cyclen      nan | 166s
  E1_E2                            f113 e=5.0000 | pool  1200 band  1200 feas    0 | minF_r 1.631 | cyclen      nan | 166s

wrote C:\Users\USER\Desktop\CT&RPL\2_Project\KNF_LEU+ 시범연료봉 장전 인허가 과제\2026\2_계산\5_RL\data\reports\scoping_mesh_20260815\mesh_nodes_ctlA.csv  (482s total)
feasible cells: 0/3
-- target 5.0: 16 near-ties; top 4
 lib  pair  e_core  spread   d  sup_pair
ga80 E1_E2     5.0     0.0 0.0      2744
ga80 E3_E4     5.0     0.0 0.0      1099
ga80 A2_A8     5.0     0.0 0.0       465
ga80 A2_E1     5.0     0.0 0.0         0
-- target 5.1: 51 near-ties; top 4
 lib  pair  e_core  spread   d  sup_pair
ga80 J1_J2     5.1     0.0 0.0      1343
ga80 J5_J6     5.1     0.0 0.0       247
ga80 J3_J4     5.1     0.0 0.0        11
ga80 J1_J3     5.1     0.0 0.0         0
-- target 5.2: 51 near-ties; top 4
 lib  pair  e_core  spread   d  sup_pair
ga80 K1_K2     5.2     0.0 0.0       963
ga80 K3_K4     5.2     0.0 0.0        50
ga80 K5_K6     5.2     0.0 0.0        19
ga80 K1_K3     5.2     0.0 0.0         0
-- target 5.3: 53 near-ties; top 4
 lib  pair  e_core  spread   d  sup_pair
ga80 L1_L2     5.3     0.0 0.0       839
ga80 L3_L4     5.3     0.0 0.0       618
ga80 L5_L6     5.3     0.0 0.0       585
ga80 L1_L3     5.3     0.0 0.0         0
-- target 5.4: 118 near-ties; top 4
 lib  pair  e_core  spread   d  sup_pair
ga80 N1_N2     5.4     0.0 0.0      1175
ga80 N3_N4     5.4     0.0 0.0       241
ga80 N5_N6     5.4     0.0 0.0        90
ga80 N1_N3     5.4     0.0 0.0         0
-- target 5.5: 62 near-ties; top 4
 lib  pair  e_core  spread   d  sup_pair
ga80 G3_G4     5.5     0.0 0.0      1599
ga80 H3_H4     5.5     0.0 0.0      1219
ga80 H1_H2     5.5     0.0 0.0      1081
ga80 G3_H1     5.5     0.0 0.0         0
-- target 5.6: 9 near-ties; top 4
   lib                        pair   e_core   spread        d  sup_pair
paramA P6253Z2G06N24_P6253Z2G10N24 5.598053 0.008527 0.001947         0
paramA P5853Z1G08N12_P6253Z2G06N24 5.604402 0.021174 0.004402         0
paramA P5853Z1G08N24_P6253Z2G08N16 5.600190 0.136922 0.000190         0
paramA P5853Z1G08N12_P6253Z2G10N24 5.608676 0.012647 0.008676         0
-- target 5.7: 7 near-ties; top 4
   lib                        pair   e_core   spread        d  sup_pair
paramA P5853Z1G08N12_P6253Z1G06N24 5.700414 0.171113 0.000414         0
paramA P6253Z1G06N24_P6253Z2G10N20 5.712441 0.147523 0.012441         0
paramA P6253Z1G06N24_P6253Z2G10N24 5.694438 0.183760 0.005562         0
paramA P6253Z1G06N24_P6253Z2G06N24 5.689933 0.192287 0.010067         0
-- target 5.8: 4 near-ties; top 4
   lib                        pair   e_core   spread        d  sup_pair
paramA P6253Z1G06N24_P6253Z1G08N20 5.805536 0.038916 0.005536       708
paramA P6253Z1G06N24_P6257Z2G08N16 5.820685 0.069168 0.020685         0
paramA P6253Z2G08N16_P6257Z2G06N12 5.776954 0.216530 0.023046         0
paramA P6253Z2G08N16_P6257Z1G06N24 5.774802 0.212644 0.025198         0
-- target 5.9: 4 near-ties; top 4
   lib                        pair   e_core   spread        d  sup_pair
paramA P6253Z1G08N20_P6257Z1G10N12 5.908703 0.167184 0.008703         0
paramA P6253Z1G06N24_P6257Z1G10N12 5.889212 0.206100 0.010788         0
paramA P6257Z1G06N24_P6257Z2G06N12 5.883114 0.003887 0.016886         0
paramA P6257Z1G10N12_P6257Z2G08N16 5.923746 0.136933 0.023746         0
-- target 6.0: 4 near-ties; top 4
   lib                        pair   e_core   spread        d  sup_pair
paramA P6257Z1G10N12_P6656Z2G08N12 6.025508 0.066589 0.025508         0
paramA P6257Z2G06N12_P6656Z2G08N12 5.971863 0.173724 0.028137         0
paramA P6257Z1G06N24_P6656Z2G08N12 5.970090 0.177611 0.029910         0
paramA P6257Z2G08N16_P6656Z2G08N12 5.957127 0.203522 0.042873         0
=== pair -> e_core mapping (50/50 split) ===
 e_target library_id                        pair        type_a        type_b   e_core   spread  d_target  sup_pair  per_fa_tU    M_HM_tU e_targets  n_targets  is_primary
      5.0       ga80                       E1_E2            E1            E2 5.000000 0.000000  0.000000      2744   0.423367 102.031495       5.0          1        True
      5.1       ga80                       J1_J2            J1            J2 5.100000 0.000000  0.000000      1343   0.423367 102.031495       5.1          1        True
      5.2       ga80                       K1_K2            K1            K2 5.200000 0.000000  0.000000       963   0.423367 102.031495       5.2          1        True
      5.3       ga80                       L1_L2            L1            L2 5.300000 0.000000  0.000000       839   0.423367 102.031495       5.3          1        True
      5.4       ga80                       N1_N2            N1            N2 5.400000 0.000000  0.000000      1175   0.423367 102.031495       5.4          1        True
      5.5       ga80                       G3_G4            G3            G4 5.500000 0.000000  0.000000      1599   0.423367 102.031495       5.5          1        True
      5.6     paramA P6253Z2G06N24_P6253Z2G10N24 P6253Z2G06N24 P6253Z2G10N24 5.598053 0.008527  0.001947         0   0.422159 101.740239       5.6          1        True
      5.7     paramA P5853Z1G08N12_P6253Z1G06N24 P5853Z1G08N12 P6253Z1G06N24 5.700414 0.171113  0.000414         0   0.423748 102.123316       5.7          1        True
      5.8     paramA P6253Z1G06N24_P6253Z1G08N20 P6253Z1G06N24 P6253Z1G08N20 5.805536 0.038916  0.005536       708   0.422927 101.925350       5.8          1        True
      5.9     paramA P6253Z1G08N20_P6257Z1G10N12 P6253Z1G08N20 P6257Z1G10N12 5.908703 0.167184  0.008703         0   0.423229 101.998072       5.9          1        True
      6.0     paramA P6257Z1G10N12_P6656Z2G08N12 P6257Z1G10N12 P6656Z2G08N12 6.025508 0.066589  0.025508         0   0.424079 102.203017       6.0          1        True
11 targets -> 11 distinct cells (0 target(s) collapsed onto an already-selected pair)
model: data/models/s1e, 5 members, cpu, 4 torch threads, quantile heads off
flat donors: {'T6_T4': 13, 'E1_E2': 7, 'E3_E4': 2, 'J5_J6': 2} F_r 1.460-1.475
  J1_J2                            f105 e=5.1000 | pool  1200 band  1200 feas    0 | minF_r 1.679 | cyclen      nan | 156s
  J1_J2                            f109 e=5.1000 | pool  1200 band  1200 feas    0 | minF_r 1.642 | cyclen      nan | 164s
  J1_J2                            f113 e=5.1000 | pool  1200 band  1200 feas    0 | minF_r 1.607 | cyclen      nan | 162s

wrote C:\Users\USER\Desktop\CT&RPL\2_Project\KNF_LEU+ 시범연료봉 장전 인허가 과제\2026\2_계산\5_RL\data\reports\scoping_mesh_20260815\mesh_nodes_ctlB.csv  (483s total)
feasible cells: 0/3
-- target 5.0: 16 near-ties; top 4
 lib  pair  e_core  spread   d  sup_pair
ga80 E1_E2     5.0     0.0 0.0      2744
ga80 E3_E4     5.0     0.0 0.0      1099
ga80 A2_A8     5.0     0.0 0.0       465
ga80 A2_E1     5.0     0.0 0.0         0
-- target 5.1: 51 near-ties; top 4
 lib  pair  e_core  spread   d  sup_pair
ga80 J1_J2     5.1     0.0 0.0      1343
ga80 J5_J6     5.1     0.0 0.0       247
ga80 J3_J4     5.1     0.0 0.0        11
ga80 J1_J3     5.1     0.0 0.0         0
-- target 5.2: 51 near-ties; top 4
 lib  pair  e_core  spread   d  sup_pair
ga80 K1_K2     5.2     0.0 0.0       963
ga80 K3_K4     5.2     0.0 0.0        50
ga80 K5_K6     5.2     0.0 0.0        19
ga80 K1_K3     5.2     0.0 0.0         0
-- target 5.3: 53 near-ties; top 4
 lib  pair  e_core  spread   d  sup_pair
ga80 L1_L2     5.3     0.0 0.0       839
ga80 L3_L4     5.3     0.0 0.0       618
ga80 L5_L6     5.3     0.0 0.0       585
ga80 L1_L3     5.3     0.0 0.0         0
-- target 5.4: 118 near-ties; top 4
 lib  pair  e_core  spread   d  sup_pair
ga80 N1_N2     5.4     0.0 0.0      1175
ga80 N3_N4     5.4     0.0 0.0       241
ga80 N5_N6     5.4     0.0 0.0        90
ga80 N1_N3     5.4     0.0 0.0         0
-- target 5.5: 62 near-ties; top 4
 lib  pair  e_core  spread   d  sup_pair
ga80 G3_G4     5.5     0.0 0.0      1599
ga80 H3_H4     5.5     0.0 0.0      1219
ga80 H1_H2     5.5     0.0 0.0      1081
ga80 G3_H1     5.5     0.0 0.0         0
-- target 5.6: 9 near-ties; top 4
   lib                        pair   e_core   spread        d  sup_pair
paramA P6253Z2G06N24_P6253Z2G10N24 5.598053 0.008527 0.001947         0
paramA P5853Z1G08N12_P6253Z2G06N24 5.604402 0.021174 0.004402         0
paramA P5853Z1G08N24_P6253Z2G08N16 5.600190 0.136922 0.000190         0
paramA P5853Z1G08N12_P6253Z2G10N24 5.608676 0.012647 0.008676         0
-- target 5.7: 7 near-ties; top 4
   lib                        pair   e_core   spread        d  sup_pair
paramA P5853Z1G08N12_P6253Z1G06N24 5.700414 0.171113 0.000414         0
paramA P6253Z1G06N24_P6253Z2G10N20 5.712441 0.147523 0.012441         0
paramA P6253Z1G06N24_P6253Z2G10N24 5.694438 0.183760 0.005562         0
paramA P6253Z1G06N24_P6253Z2G06N24 5.689933 0.192287 0.010067         0
-- target 5.8: 4 near-ties; top 4
   lib                        pair   e_core   spread        d  sup_pair
paramA P6253Z1G06N24_P6253Z1G08N20 5.805536 0.038916 0.005536       708
paramA P6253Z1G06N24_P6257Z2G08N16 5.820685 0.069168 0.020685         0
paramA P6253Z2G08N16_P6257Z2G06N12 5.776954 0.216530 0.023046         0
paramA P6253Z2G08N16_P6257Z1G06N24 5.774802 0.212644 0.025198         0
-- target 5.9: 4 near-ties; top 4
   lib                        pair   e_core   spread        d  sup_pair
paramA P6253Z1G08N20_P6257Z1G10N12 5.908703 0.167184 0.008703         0
paramA P6253Z1G06N24_P6257Z1G10N12 5.889212 0.206100 0.010788         0
paramA P6257Z1G06N24_P6257Z2G06N12 5.883114 0.003887 0.016886         0
paramA P6257Z1G10N12_P6257Z2G08N16 5.923746 0.136933 0.023746         0
-- target 6.0: 4 near-ties; top 4
   lib                        pair   e_core   spread        d  sup_pair
paramA P6257Z1G10N12_P6656Z2G08N12 6.025508 0.066589 0.025508         0
paramA P6257Z2G06N12_P6656Z2G08N12 5.971863 0.173724 0.028137         0
paramA P6257Z1G06N24_P6656Z2G08N12 5.970090 0.177611 0.029910         0
paramA P6257Z2G08N16_P6656Z2G08N12 5.957127 0.203522 0.042873         0
=== pair -> e_core mapping (50/50 split) ===
 e_target library_id                        pair        type_a        type_b   e_core   spread  d_target  sup_pair  per_fa_tU    M_HM_tU e_targets  n_targets  is_primary
      5.0       ga80                       E1_E2            E1            E2 5.000000 0.000000  0.000000      2744   0.423367 102.031495       5.0          1        True
      5.1       ga80                       J1_J2            J1            J2 5.100000 0.000000  0.000000      1343   0.423367 102.031495       5.1          1        True
      5.2       ga80                       K1_K2            K1            K2 5.200000 0.000000  0.000000       963   0.423367 102.031495       5.2          1        True
      5.3       ga80                       L1_L2            L1            L2 5.300000 0.000000  0.000000       839   0.423367 102.031495       5.3          1        True
      5.4       ga80                       N1_N2            N1            N2 5.400000 0.000000  0.000000      1175   0.423367 102.031495       5.4          1        True
      5.5       ga80                       G3_G4            G3            G4 5.500000 0.000000  0.000000      1599   0.423367 102.031495       5.5          1        True
      5.6     paramA P6253Z2G06N24_P6253Z2G10N24 P6253Z2G06N24 P6253Z2G10N24 5.598053 0.008527  0.001947         0   0.422159 101.740239       5.6          1        True
      5.7     paramA P5853Z1G08N12_P6253Z1G06N24 P5853Z1G08N12 P6253Z1G06N24 5.700414 0.171113  0.000414         0   0.423748 102.123316       5.7          1        True
      5.8     paramA P6253Z1G06N24_P6253Z1G08N20 P6253Z1G06N24 P6253Z1G08N20 5.805536 0.038916  0.005536       708   0.422927 101.925350       5.8          1        True
      5.9     paramA P6253Z1G08N20_P6257Z1G10N12 P6253Z1G08N20 P6257Z1G10N12 5.908703 0.167184  0.008703         0   0.423229 101.998072       5.9          1        True
      6.0     paramA P6257Z1G10N12_P6656Z2G08N12 P6257Z1G10N12 P6656Z2G08N12 6.025508 0.066589  0.025508         0   0.424079 102.203017       6.0          1        True
11 targets -> 11 distinct cells (0 target(s) collapsed onto an already-selected pair)
model: data/models/s1e, 5 members, cpu, 4 torch threads, quantile heads off
flat donors: {'T6_T4': 13, 'E1_E2': 7, 'E3_E4': 2, 'J5_J6': 2} F_r 1.460-1.475
  K1_K2                            f105 e=5.2000 | pool  1200 band  1200 feas    0 | minF_r 1.699 | cyclen      nan | 162s
  K1_K2                            f109 e=5.2000 | pool  1200 band  1200 feas    0 | minF_r 1.681 | cyclen      nan | 162s
  K1_K2                            f113 e=5.2000 | pool  1200 band  1200 feas    0 | minF_r 1.596 | cyclen      nan | 158s

wrote C:\Users\USER\Desktop\CT&RPL\2_Project\KNF_LEU+ 시범연료봉 장전 인허가 과제\2026\2_계산\5_RL\data\reports\scoping_mesh_20260815\mesh_nodes_ctlC.csv  (483s total)
feasible cells: 0/3
-- target 5.0: 16 near-ties; top 4
 lib  pair  e_core  spread   d  sup_pair
ga80 E1_E2     5.0     0.0 0.0      2744
ga80 E3_E4     5.0     0.0 0.0      1099
ga80 A2_A8     5.0     0.0 0.0       465
ga80 A2_E1     5.0     0.0 0.0         0
-- target 5.1: 51 near-ties; top 4
 lib  pair  e_core  spread   d  sup_pair
ga80 J1_J2     5.1     0.0 0.0      1343
ga80 J5_J6     5.1     0.0 0.0       247
ga80 J3_J4     5.1     0.0 0.0        11
ga80 J1_J3     5.1     0.0 0.0         0
-- target 5.2: 51 near-ties; top 4
 lib  pair  e_core  spread   d  sup_pair
ga80 K1_K2     5.2     0.0 0.0       963
ga80 K3_K4     5.2     0.0 0.0        50
ga80 K5_K6     5.2     0.0 0.0        19
ga80 K1_K3     5.2     0.0 0.0         0
-- target 5.3: 53 near-ties; top 4
 lib  pair  e_core  spread   d  sup_pair
ga80 L1_L2     5.3     0.0 0.0       839
ga80 L3_L4     5.3     0.0 0.0       618
ga80 L5_L6     5.3     0.0 0.0       585
ga80 L1_L3     5.3     0.0 0.0         0
-- target 5.4: 118 near-ties; top 4
 lib  pair  e_core  spread   d  sup_pair
ga80 N1_N2     5.4     0.0 0.0      1175
ga80 N3_N4     5.4     0.0 0.0       241
ga80 N5_N6     5.4     0.0 0.0        90
ga80 N1_N3     5.4     0.0 0.0         0
-- target 5.5: 62 near-ties; top 4
 lib  pair  e_core  spread   d  sup_pair
ga80 G3_G4     5.5     0.0 0.0      1599
ga80 H3_H4     5.5     0.0 0.0      1219
ga80 H1_H2     5.5     0.0 0.0      1081
ga80 G3_H1     5.5     0.0 0.0         0
-- target 5.6: 9 near-ties; top 4
   lib                        pair   e_core   spread        d  sup_pair
paramA P6253Z2G06N24_P6253Z2G10N24 5.598053 0.008527 0.001947         0
paramA P5853Z1G08N12_P6253Z2G06N24 5.604402 0.021174 0.004402         0
paramA P5853Z1G08N24_P6253Z2G08N16 5.600190 0.136922 0.000190         0
paramA P5853Z1G08N12_P6253Z2G10N24 5.608676 0.012647 0.008676         0
-- target 5.7: 7 near-ties; top 4
   lib                        pair   e_core   spread        d  sup_pair
paramA P5853Z1G08N12_P6253Z1G06N24 5.700414 0.171113 0.000414         0
paramA P6253Z1G06N24_P6253Z2G10N20 5.712441 0.147523 0.012441         0
paramA P6253Z1G06N24_P6253Z2G10N24 5.694438 0.183760 0.005562         0
paramA P6253Z1G06N24_P6253Z2G06N24 5.689933 0.192287 0.010067         0
-- target 5.8: 4 near-ties; top 4
   lib                        pair   e_core   spread        d  sup_pair
paramA P6253Z1G06N24_P6253Z1G08N20 5.805536 0.038916 0.005536       708
paramA P6253Z1G06N24_P6257Z2G08N16 5.820685 0.069168 0.020685         0
paramA P6253Z2G08N16_P6257Z2G06N12 5.776954 0.216530 0.023046         0
paramA P6253Z2G08N16_P6257Z1G06N24 5.774802 0.212644 0.025198         0
-- target 5.9: 4 near-ties; top 4
   lib                        pair   e_core   spread        d  sup_pair
paramA P6253Z1G08N20_P6257Z1G10N12 5.908703 0.167184 0.008703         0
paramA P6253Z1G06N24_P6257Z1G10N12 5.889212 0.206100 0.010788         0
paramA P6257Z1G06N24_P6257Z2G06N12 5.883114 0.003887 0.016886         0
paramA P6257Z1G10N12_P6257Z2G08N16 5.923746 0.136933 0.023746         0
-- target 6.0: 4 near-ties; top 4
   lib                        pair   e_core   spread        d  sup_pair
paramA P6257Z1G10N12_P6656Z2G08N12 6.025508 0.066589 0.025508         0
paramA P6257Z2G06N12_P6656Z2G08N12 5.971863 0.173724 0.028137         0
paramA P6257Z1G06N24_P6656Z2G08N12 5.970090 0.177611 0.029910         0
paramA P6257Z2G08N16_P6656Z2G08N12 5.957127 0.203522 0.042873         0
=== pair -> e_core mapping (50/50 split) ===
 e_target library_id                        pair        type_a        type_b   e_core   spread  d_target  sup_pair  per_fa_tU    M_HM_tU e_targets  n_targets  is_primary
      5.0       ga80                       E1_E2            E1            E2 5.000000 0.000000  0.000000      2744   0.423367 102.031495       5.0          1        True
      5.1       ga80                       J1_J2            J1            J2 5.100000 0.000000  0.000000      1343   0.423367 102.031495       5.1          1        True
      5.2       ga80                       K1_K2            K1            K2 5.200000 0.000000  0.000000       963   0.423367 102.031495       5.2          1        True
      5.3       ga80                       L1_L2            L1            L2 5.300000 0.000000  0.000000       839   0.423367 102.031495       5.3          1        True
      5.4       ga80                       N1_N2            N1            N2 5.400000 0.000000  0.000000      1175   0.423367 102.031495       5.4          1        True
      5.5       ga80                       G3_G4            G3            G4 5.500000 0.000000  0.000000      1599   0.423367 102.031495       5.5          1        True
      5.6     paramA P6253Z2G06N24_P6253Z2G10N24 P6253Z2G06N24 P6253Z2G10N24 5.598053 0.008527  0.001947         0   0.422159 101.740239       5.6          1        True
      5.7     paramA P5853Z1G08N12_P6253Z1G06N24 P5853Z1G08N12 P6253Z1G06N24 5.700414 0.171113  0.000414         0   0.423748 102.123316       5.7          1        True
      5.8     paramA P6253Z1G06N24_P6253Z1G08N20 P6253Z1G06N24 P6253Z1G08N20 5.805536 0.038916  0.005536       708   0.422927 101.925350       5.8          1        True
      5.9     paramA P6253Z1G08N20_P6257Z1G10N12 P6253Z1G08N20 P6257Z1G10N12 5.908703 0.167184  0.008703         0   0.423229 101.998072       5.9          1        True
      6.0     paramA P6257Z1G10N12_P6656Z2G08N12 P6257Z1G10N12 P6656Z2G08N12 6.025508 0.066589  0.025508         0   0.424079 102.203017       6.0          1        True
11 targets -> 11 distinct cells (0 target(s) collapsed onto an already-selected pair)
model: data/models/s1e, 5 members, cpu, 4 torch threads, quantile heads off
flat donors: {'T6_T4': 13, 'E1_E2': 7, 'E3_E4': 2, 'J5_J6': 2} F_r 1.460-1.475
  L1_L2                            f105 e=5.3000 | pool  1200 band  1200 feas    0 | minF_r 1.744 | cyclen      nan | 165s
  L1_L2                            f109 e=5.3000 | pool  1200 band  1200 feas    0 | minF_r 1.651 | cyclen      nan | 163s
  L1_L2                            f113 e=5.3000 | pool  1200 band  1200 feas    0 | minF_r 1.675 | cyclen      nan | 154s

wrote C:\Users\USER\Desktop\CT&RPL\2_Project\KNF_LEU+ 시범연료봉 장전 인허가 과제\2026\2_계산\5_RL\data\reports\scoping_mesh_20260815\mesh_nodes_ctlD.csv  (483s total)
feasible cells: 0/3
-- target 5.0: 16 near-ties; top 4
 lib  pair  e_core  spread   d  sup_pair
ga80 E1_E2     5.0     0.0 0.0      2744
ga80 E3_E4     5.0     0.0 0.0      1099
ga80 A2_A8     5.0     0.0 0.0       465
ga80 A2_E1     5.0     0.0 0.0         0
-- target 5.1: 51 near-ties; top 4
 lib  pair  e_core  spread   d  sup_pair
ga80 J1_J2     5.1     0.0 0.0      1343
ga80 J5_J6     5.1     0.0 0.0       247
ga80 J3_J4     5.1     0.0 0.0        11
ga80 J1_J3     5.1     0.0 0.0         0
-- target 5.2: 51 near-ties; top 4
 lib  pair  e_core  spread   d  sup_pair
ga80 K1_K2     5.2     0.0 0.0       963
ga80 K3_K4     5.2     0.0 0.0        50
ga80 K5_K6     5.2     0.0 0.0        19
ga80 K1_K3     5.2     0.0 0.0         0
-- target 5.3: 53 near-ties; top 4
 lib  pair  e_core  spread   d  sup_pair
ga80 L1_L2     5.3     0.0 0.0       839
ga80 L3_L4     5.3     0.0 0.0       618
ga80 L5_L6     5.3     0.0 0.0       585
ga80 L1_L3     5.3     0.0 0.0         0
-- target 5.4: 118 near-ties; top 4
 lib  pair  e_core  spread   d  sup_pair
ga80 N1_N2     5.4     0.0 0.0      1175
ga80 N3_N4     5.4     0.0 0.0       241
ga80 N5_N6     5.4     0.0 0.0        90
ga80 N1_N3     5.4     0.0 0.0         0
-- target 5.5: 62 near-ties; top 4
 lib  pair  e_core  spread   d  sup_pair
ga80 G3_G4     5.5     0.0 0.0      1599
ga80 H3_H4     5.5     0.0 0.0      1219
ga80 H1_H2     5.5     0.0 0.0      1081
ga80 G3_H1     5.5     0.0 0.0         0
-- target 5.6: 9 near-ties; top 4
   lib                        pair   e_core   spread        d  sup_pair
paramA P6253Z2G06N24_P6253Z2G10N24 5.598053 0.008527 0.001947         0
paramA P5853Z1G08N12_P6253Z2G06N24 5.604402 0.021174 0.004402         0
paramA P5853Z1G08N24_P6253Z2G08N16 5.600190 0.136922 0.000190         0
paramA P5853Z1G08N12_P6253Z2G10N24 5.608676 0.012647 0.008676         0
-- target 5.7: 7 near-ties; top 4
   lib                        pair   e_core   spread        d  sup_pair
paramA P5853Z1G08N12_P6253Z1G06N24 5.700414 0.171113 0.000414         0
paramA P6253Z1G06N24_P6253Z2G10N20 5.712441 0.147523 0.012441         0
paramA P6253Z1G06N24_P6253Z2G10N24 5.694438 0.183760 0.005562         0
paramA P6253Z1G06N24_P6253Z2G06N24 5.689933 0.192287 0.010067         0
-- target 5.8: 4 near-ties; top 4
   lib                        pair   e_core   spread        d  sup_pair
paramA P6253Z1G06N24_P6253Z1G08N20 5.805536 0.038916 0.005536       708
paramA P6253Z1G06N24_P6257Z2G08N16 5.820685 0.069168 0.020685         0
paramA P6253Z2G08N16_P6257Z2G06N12 5.776954 0.216530 0.023046         0
paramA P6253Z2G08N16_P6257Z1G06N24 5.774802 0.212644 0.025198         0
-- target 5.9: 4 near-ties; top 4
   lib                        pair   e_core   spread        d  sup_pair
paramA P6253Z1G08N20_P6257Z1G10N12 5.908703 0.167184 0.008703         0
paramA P6253Z1G06N24_P6257Z1G10N12 5.889212 0.206100 0.010788         0
paramA P6257Z1G06N24_P6257Z2G06N12 5.883114 0.003887 0.016886         0
paramA P6257Z1G10N12_P6257Z2G08N16 5.923746 0.136933 0.023746         0
-- target 6.0: 4 near-ties; top 4
   lib                        pair   e_core   spread        d  sup_pair
paramA P6257Z1G10N12_P6656Z2G08N12 6.025508 0.066589 0.025508         0
paramA P6257Z2G06N12_P6656Z2G08N12 5.971863 0.173724 0.028137         0
paramA P6257Z1G06N24_P6656Z2G08N12 5.970090 0.177611 0.029910         0
paramA P6257Z2G08N16_P6656Z2G08N12 5.957127 0.203522 0.042873         0
=== pair -> e_core mapping (50/50 split) ===
 e_target library_id                        pair        type_a        type_b   e_core   spread  d_target  sup_pair  per_fa_tU    M_HM_tU e_targets  n_targets  is_primary
      5.0       ga80                       E1_E2            E1            E2 5.000000 0.000000  0.000000      2744   0.423367 102.031495       5.0          1        True
      5.1       ga80                       J1_J2            J1            J2 5.100000 0.000000  0.000000      1343   0.423367 102.031495       5.1          1        True
      5.2       ga80                       K1_K2            K1            K2 5.200000 0.000000  0.000000       963   0.423367 102.031495       5.2          1        True
      5.3       ga80                       L1_L2            L1            L2 5.300000 0.000000  0.000000       839   0.423367 102.031495       5.3          1        True
      5.4       ga80                       N1_N2            N1            N2 5.400000 0.000000  0.000000      1175   0.423367 102.031495       5.4          1        True
      5.5       ga80                       G3_G4            G3            G4 5.500000 0.000000  0.000000      1599   0.423367 102.031495       5.5          1        True
      5.6     paramA P6253Z2G06N24_P6253Z2G10N24 P6253Z2G06N24 P6253Z2G10N24 5.598053 0.008527  0.001947         0   0.422159 101.740239       5.6          1        True
      5.7     paramA P5853Z1G08N12_P6253Z1G06N24 P5853Z1G08N12 P6253Z1G06N24 5.700414 0.171113  0.000414         0   0.423748 102.123316       5.7          1        True
      5.8     paramA P6253Z1G06N24_P6253Z1G08N20 P6253Z1G06N24 P6253Z1G08N20 5.805536 0.038916  0.005536       708   0.422927 101.925350       5.8          1        True
      5.9     paramA P6253Z1G08N20_P6257Z1G10N12 P6253Z1G08N20 P6257Z1G10N12 5.908703 0.167184  0.008703         0   0.423229 101.998072       5.9          1        True
      6.0     paramA P6257Z1G10N12_P6656Z2G08N12 P6257Z1G10N12 P6656Z2G08N12 6.025508 0.066589  0.025508         0   0.424079 102.203017       6.0          1        True
11 targets -> 11 distinct cells (0 target(s) collapsed onto an already-selected pair)
model: data/models/s1e, 5 members, cpu, 4 torch threads, quantile heads off
flat donors: {'T6_T4': 13, 'E1_E2': 7, 'E3_E4': 2, 'J5_J6': 2} F_r 1.460-1.475
  N1_N2                            f105 e=5.4000 | pool  1200 band  1200 feas    0 | minF_r 1.706 | cyclen      nan | 165s
  N1_N2                            f109 e=5.4000 | pool  1200 band  1200 feas    0 | minF_r 1.667 | cyclen      nan | 171s
  N1_N2                            f113 e=5.4000 | pool  1200 band  1200 feas    0 | minF_r 1.686 | cyclen      nan | 155s

wrote C:\Users\USER\Desktop\CT&RPL\2_Project\KNF_LEU+ 시범연료봉 장전 인허가 과제\2026\2_계산\5_RL\data\reports\scoping_mesh_20260815\mesh_nodes_ctlE.csv  (491s total)
feasible cells: 0/3
-- target 5.0: 16 near-ties; top 4
 lib  pair  e_core  spread   d  sup_pair
ga80 E1_E2     5.0     0.0 0.0      2744
ga80 E3_E4     5.0     0.0 0.0      1099
ga80 A2_A8     5.0     0.0 0.0       465
ga80 A2_E1     5.0     0.0 0.0         0
-- target 5.1: 51 near-ties; top 4
 lib  pair  e_core  spread   d  sup_pair
ga80 J1_J2     5.1     0.0 0.0      1343
ga80 J5_J6     5.1     0.0 0.0       247
ga80 J3_J4     5.1     0.0 0.0        11
ga80 J1_J3     5.1     0.0 0.0         0
-- target 5.2: 51 near-ties; top 4
 lib  pair  e_core  spread   d  sup_pair
ga80 K1_K2     5.2     0.0 0.0       963
ga80 K3_K4     5.2     0.0 0.0        50
ga80 K5_K6     5.2     0.0 0.0        19
ga80 K1_K3     5.2     0.0 0.0         0
-- target 5.3: 53 near-ties; top 4
 lib  pair  e_core  spread   d  sup_pair
ga80 L1_L2     5.3     0.0 0.0       839
ga80 L3_L4     5.3     0.0 0.0       618
ga80 L5_L6     5.3     0.0 0.0       585
ga80 L1_L3     5.3     0.0 0.0         0
-- target 5.4: 118 near-ties; top 4
 lib  pair  e_core  spread   d  sup_pair
ga80 N1_N2     5.4     0.0 0.0      1175
ga80 N3_N4     5.4     0.0 0.0       241
ga80 N5_N6     5.4     0.0 0.0        90
ga80 N1_N3     5.4     0.0 0.0         0
-- target 5.5: 62 near-ties; top 4
 lib  pair  e_core  spread   d  sup_pair
ga80 G3_G4     5.5     0.0 0.0      1599
ga80 H3_H4     5.5     0.0 0.0      1219
ga80 H1_H2     5.5     0.0 0.0      1081
ga80 G3_H1     5.5     0.0 0.0         0
-- target 5.6: 9 near-ties; top 4
   lib                        pair   e_core   spread        d  sup_pair
paramA P6253Z2G06N24_P6253Z2G10N24 5.598053 0.008527 0.001947         0
paramA P5853Z1G08N12_P6253Z2G06N24 5.604402 0.021174 0.004402         0
paramA P5853Z1G08N24_P6253Z2G08N16 5.600190 0.136922 0.000190         0
paramA P5853Z1G08N12_P6253Z2G10N24 5.608676 0.012647 0.008676         0
-- target 5.7: 7 near-ties; top 4
   lib                        pair   e_core   spread        d  sup_pair
paramA P5853Z1G08N12_P6253Z1G06N24 5.700414 0.171113 0.000414         0
paramA P6253Z1G06N24_P6253Z2G10N20 5.712441 0.147523 0.012441         0
paramA P6253Z1G06N24_P6253Z2G10N24 5.694438 0.183760 0.005562         0
paramA P6253Z1G06N24_P6253Z2G06N24 5.689933 0.192287 0.010067         0
-- target 5.8: 4 near-ties; top 4
   lib                        pair   e_core   spread        d  sup_pair
paramA P6253Z1G06N24_P6253Z1G08N20 5.805536 0.038916 0.005536       708
paramA P6253Z1G06N24_P6257Z2G08N16 5.820685 0.069168 0.020685         0
paramA P6253Z2G08N16_P6257Z2G06N12 5.776954 0.216530 0.023046         0
paramA P6253Z2G08N16_P6257Z1G06N24 5.774802 0.212644 0.025198         0
-- target 5.9: 4 near-ties; top 4
   lib                        pair   e_core   spread        d  sup_pair
paramA P6253Z1G08N20_P6257Z1G10N12 5.908703 0.167184 0.008703         0
paramA P6253Z1G06N24_P6257Z1G10N12 5.889212 0.206100 0.010788         0
paramA P6257Z1G06N24_P6257Z2G06N12 5.883114 0.003887 0.016886         0
paramA P6257Z1G10N12_P6257Z2G08N16 5.923746 0.136933 0.023746         0
-- target 6.0: 4 near-ties; top 4
   lib                        pair   e_core   spread        d  sup_pair
paramA P6257Z1G10N12_P6656Z2G08N12 6.025508 0.066589 0.025508         0
paramA P6257Z2G06N12_P6656Z2G08N12 5.971863 0.173724 0.028137         0
paramA P6257Z1G06N24_P6656Z2G08N12 5.970090 0.177611 0.029910         0
paramA P6257Z2G08N16_P6656Z2G08N12 5.957127 0.203522 0.042873         0
=== pair -> e_core mapping (50/50 split) ===
 e_target library_id                        pair        type_a        type_b   e_core   spread  d_target  sup_pair  per_fa_tU    M_HM_tU e_targets  n_targets  is_primary
      5.0       ga80                       E1_E2            E1            E2 5.000000 0.000000  0.000000      2744   0.423367 102.031495       5.0          1        True
      5.1       ga80                       J1_J2            J1            J2 5.100000 0.000000  0.000000      1343   0.423367 102.031495       5.1          1        True
      5.2       ga80                       K1_K2            K1            K2 5.200000 0.000000  0.000000       963   0.423367 102.031495       5.2          1        True
      5.3       ga80                       L1_L2            L1            L2 5.300000 0.000000  0.000000       839   0.423367 102.031495       5.3          1        True
      5.4       ga80                       N1_N2            N1            N2 5.400000 0.000000  0.000000      1175   0.423367 102.031495       5.4          1        True
      5.5       ga80                       G3_G4            G3            G4 5.500000 0.000000  0.000000      1599   0.423367 102.031495       5.5          1        True
      5.6     paramA P6253Z2G06N24_P6253Z2G10N24 P6253Z2G06N24 P6253Z2G10N24 5.598053 0.008527  0.001947         0   0.422159 101.740239       5.6          1        True
      5.7     paramA P5853Z1G08N12_P6253Z1G06N24 P5853Z1G08N12 P6253Z1G06N24 5.700414 0.171113  0.000414         0   0.423748 102.123316       5.7          1        True
      5.8     paramA P6253Z1G06N24_P6253Z1G08N20 P6253Z1G06N24 P6253Z1G08N20 5.805536 0.038916  0.005536       708   0.422927 101.925350       5.8          1        True
      5.9     paramA P6253Z1G08N20_P6257Z1G10N12 P6253Z1G08N20 P6257Z1G10N12 5.908703 0.167184  0.008703         0   0.423229 101.998072       5.9          1        True
      6.0     paramA P6257Z1G10N12_P6656Z2G08N12 P6257Z1G10N12 P6656Z2G08N12 6.025508 0.066589  0.025508         0   0.424079 102.203017       6.0          1        True
11 targets -> 11 distinct cells (0 target(s) collapsed onto an already-selected pair)
model: data/models/s1e, 5 members, cpu, 4 torch threads, quantile heads off
flat donors: {'T6_T4': 13, 'E1_E2': 7, 'E3_E4': 2, 'J5_J6': 2} F_r 1.460-1.475
  G3_G4                            f105 e=5.5000 | pool  1200 band  1200 feas    0 | minF_r 1.711 | cyclen      nan | 164s
  G3_G4                            f109 e=5.5000 | pool  1200 band  1200 feas    0 | minF_r 1.656 | cyclen      nan | 167s
  G3_G4                            f113 e=5.5000 | pool  1200 band  1200 feas    0 | minF_r 1.624 | cyclen      nan | 155s

wrote C:\Users\USER\Desktop\CT&RPL\2_Project\KNF_LEU+ 시범연료봉 장전 인허가 과제\2026\2_계산\5_RL\data\reports\scoping_mesh_20260815\mesh_nodes_ctlF.csv  (487s total)
feasible cells: 0/3
