=== composition-matched multi-type case selection (P3a rule) ===
  e5.0 ga80    pair E1_E2 (e 5.0000)
      k=3: E3_E1_E2  e 5.0000 (de +0.0000) asym 0.000 nested 2/2 ladder-by-n_gd support 1099 R1-mono
      k=4: NONE — roster admits no composition-matched 4-type ladder in this cell
  e5.1 ga80    pair J1_J2 (e 5.1000)
      k=3: K1_J1_E1  e 5.1000 (de +0.0000) asym 0.000 nested 1/2 ladder-by-enrichment support 3807 R1-CROSS-SPEC (no anchor)
      k=4: NONE — roster admits no composition-matched 4-type ladder in this cell
  e5.2 ga80    pair K1_K2 (e 5.2000)
      k=3: L1_K1_J1  e 5.2000 (de -0.0000) asym 0.000 nested 1/2 ladder-by-enrichment support 2182 R1-CROSS-SPEC (no anchor)
      k=4: NONE — roster admits no composition-matched 4-type ladder in this cell
  e5.3 ga80    pair L1_L2 (e 5.3000)
      k=3: N1_L1_K1  e 5.3000 (de +0.0000) asym 0.000 nested 1/2 ladder-by-enrichment support 2236 R1-CROSS-SPEC (no anchor)
      k=4: NONE — roster admits no composition-matched 4-type ladder in this cell
  e5.4 ga80    pair N1_N2 (e 5.4000)
      k=3: G3_N1_L1  e 5.4000 (de +0.0000) asym 0.000 nested 1/2 ladder-by-enrichment support 2438 R1-CROSS-SPEC (no anchor)
      k=4: NONE — roster admits no composition-matched 4-type ladder in this cell
  e5.5 ga80    pair G3_G4 (e 5.5000)
      k=3: NONE — roster admits no composition-matched 3-type ladder in this cell
      k=4: NONE — roster admits no composition-matched 4-type ladder in this cell
  e5.6 paramA  pair P6253Z2G06N24_P6253Z2G10N24 (e 5.5981)
      k=3: P6253Z2G10N20_P6253Z2G10N24_P6253Z2G06N24  e 5.6116 (de +0.0135) asym 0.619 nested 2/2 ladder-by-enrichment support 49 R1-mono
      k=4: P6253Z2G10N20_P5853Z1G08N12_P6253Z2G10N24_P6253Z2G06N24  e 5.6124 (de +0.0144) asym 0.426 nested 2/2 ladder-by-enrichment support 49 R1-CROSS-SPEC (no anchor)
  e5.7 paramA  pair P5853Z1G08N12_P6253Z1G06N24 (e 5.7004)
      k=3: P6253Z1G06N24_P6253Z2G08N16_P6253Z2G06N24  e 5.6828 (de -0.0176) asym 0.223 nested 1/2 ladder-by-enrichment support 10 R1-mono
      k=4: P6253Z1G08N20_P6253Z1G06N24_P6253Z2G08N16_P6253Z2G06N24  e 5.7183 (de +0.0179) asym 0.417 nested 1/2 ladder-by-enrichment support 2409 R1-mono
  e5.8 paramA  pair P6253Z1G06N24_P6253Z1G08N20 (e 5.8055)
      k=3: P6257Z2G08N16_P6253Z1G08N20_P6253Z1G06N24  e 5.8221 (de +0.0166) asym 0.125 nested 2/2 ladder-by-enrichment support 800 R1-CROSS-SPEC (no anchor)
      k=4: P6257Z2G06N12_P6253Z1G08N20_P6253Z1G06N24_P6253Z2G08N16  e 5.7912 (de -0.0143) asym 0.460 nested 2/2 ladder-by-enrichment support 800 R1-CROSS-SPEC (no anchor)
  e5.9 paramA  pair P6253Z1G08N20_P6257Z1G10N12 (e 5.9087)
      k=3: P6257Z1G10N12_P6257Z2G06N12_P6257Z2G08N16  e 5.9108 (de +0.0021) asym 0.565 nested 1/2 ladder-by-enrichment support 1600 R1-mono
      k=4: P6257Z1G10N12_P6257Z2G06N12_P6257Z1G06N24_P6257Z2G08N16  e 5.9034 (de -0.0053) asym 0.973 nested 1/2 ladder-by-enrichment support 4080 R1-mono
  e6.0 paramA  pair P6257Z1G10N12_P6656Z2G08N12 (e 6.0255)
      k=3: NONE — roster admits no composition-matched 3-type ladder in this cell
      k=4: NONE — roster admits no composition-matched 4-type ladder in this cell
  e6.1 paramA  pair P6656Z1G06N24_P6656Z2G08N12 (e 6.0970)
      k=3: P6661Z2G10N24_P6656Z1G06N24_P6656Z2G08N12  e 6.1120 (de +0.0149) asym 0.841 nested 2/2 ladder-by-enrichment support 1337 R1-CROSS-SPEC (no anchor)
      k=4: P6661Z2G06N16_P6656Z1G06N24_P6656Z2G08N12_P6257Z1G10N12  e 6.0992 (de +0.0022) asym 0.061 nested 2/2 ladder-by-enrichment support 1990 R1-CROSS-SPEC (no anchor)
  e6.2 paramA  pair P6656Z1G08N20_P6661Z2G06N16 (e 6.1957)
      k=3: P6656Z1G10N16_P6656Z1G08N20_P6656Z1G06N24  e 6.1803 (de -0.0154) asym 0.016 nested 1/2 ladder-by-enrichment support 2710 R1-mono
      k=4: P6656Z1G10N16_P6661Z2G06N16_P6656Z1G08N20_P6661Z2G10N24  e 6.1896 (de -0.0061) asym 0.367 nested 2/2 ladder-by-enrichment support 2746 R1-CROSS-SPEC (no anchor)
  e6.3 paramA  pair P6661Z1G06N16_P6661Z1G08N20 (e 6.3035)
      k=3: P6661Z1G06N12_P6661Z1G06N16_P6661Z1G08N20  e 6.3232 (de +0.0196) asym 0.104 nested 2/2 ladder-by-enrichment support 889 R1-mono
      k=4: P6661Z1G10N12_P6661Z1G06N16_P6661Z1G08N20_P6661Z2G06N16  e 6.2960 (de -0.0075) asym 0.339 nested 2/2 ladder-by-enrichment support 2196 R1-mono
  e6.4 paramA  pair P6661Z1G06N12_P6661Z1G10N12 (e 6.3645)
      k=3: P6661Z1G10N12_P6661Z1G06N12_P6661Z1G08N16  e 6.3506 (de -0.0139) asym 0.804 nested 2/2 ladder-by-enrichment support 934 R1-mono
      k=4: NONE — roster admits no composition-matched 4-type ladder in this cell

wrote C:\Users\USER\Desktop\CT&RPL\2_Project\KNF_LEU+ 시범연료봉 장전 인허가 과제\2026\2_계산\5_RL\data\reports\mesh_multitype_20260818\case_selection.csv
  triples found: 13/15 cells
  quads   found: 7/15 cells
