=== case selection READ from C:\Users\USER\Desktop\CT&RPL\2_Project\KNF_LEU+ 시범연료봉 장전 인허가 과제\2026\2_계산\5_RL\data\reports\mesh_multitype_20260818\case_selection.csv (15 cells) ===
  triples found: 13/15 cells
  quads   found: 7/15 cells

model: data/models/s1i, 5 members, cpu, 4 torch threads, quantile heads off
  cell e5.9_f109  (paramA)
    k=2 P6253Z1G08N20_P6257Z1G10N12                  f109 | pool  1200 band   808 feas5    0 clean    0 | minF_r 1.9447 cleanF_r nan | pin nan | 169s
    k=3 P6257Z1G10N12_P6257Z2G06N12_P6257Z2G08N16    f109 | pool   960 band   884 feas5    0 clean    0 | minF_r 1.7958 cleanF_r nan | pin nan | 132s
    k=4 P6257Z1G10N12_P6257Z2G06N12_P6257Z1G06N24_P6 f109 | pool   240 band   238 feas5    0 clean    0 | minF_r 1.8966 cleanF_r nan | pin nan | 33s
  cell e5.9_f113  (paramA)
    k=2 P6253Z1G08N20_P6257Z1G10N12                  f113 | pool  1200 band  1052 feas5    0 clean    0 | minF_r 1.8495 cleanF_r nan | pin nan | 154s
    k=3 P6257Z1G10N12_P6257Z2G06N12_P6257Z2G08N16    f113 | pool   960 band   886 feas5    0 clean    0 | minF_r 1.7975 cleanF_r nan | pin nan | 124s
    k=4 P6257Z1G10N12_P6257Z2G06N12_P6257Z1G06N24_P6 f113 | pool   240 band   239 feas5    0 clean    0 | minF_r 1.8510 cleanF_r nan | pin nan | 31s
  cell e5.9_f117  (paramA)
    k=2 P6253Z1G08N20_P6257Z1G10N12                  f117 | pool  1200 band   705 feas5    0 clean    0 | minF_r 1.8708 cleanF_r nan | pin nan | 153s
    k=3 P6257Z1G10N12_P6257Z2G06N12_P6257Z2G08N16    f117 | pool   960 band   891 feas5    0 clean    0 | minF_r 1.7869 cleanF_r nan | pin nan | 121s
    k=4 P6257Z1G10N12_P6257Z2G06N12_P6257Z1G06N24_P6 f117 | pool   240 band   235 feas5    0 clean    0 | minF_r 1.8182 cleanF_r nan | pin nan | 31s
  cell e5.9_f121  (paramA)
    k=2 P6253Z1G08N20_P6257Z1G10N12                  f121 | pool  1200 band   765 feas5    0 clean    0 | minF_r 1.8289 cleanF_r nan | pin nan | 150s
    k=3 P6257Z1G10N12_P6257Z2G06N12_P6257Z2G08N16    f121 | pool   960 band   911 feas5    0 clean    0 | minF_r 1.7548 cleanF_r nan | pin nan | 124s
    k=4 P6257Z1G10N12_P6257Z2G06N12_P6257Z1G06N24_P6 f121 | pool   240 band   239 feas5    0 clean    0 | minF_r 1.7685 cleanF_r nan | pin nan | 31s
  cell e5.9_f125  (paramA)
    k=2 P6253Z1G08N20_P6257Z1G10N12                  f125 | pool  1200 band   826 feas5    0 clean    0 | minF_r 1.7789 cleanF_r nan | pin nan | 152s
    k=3 P6257Z1G10N12_P6257Z2G06N12_P6257Z2G08N16    f125 | pool   960 band   911 feas5    0 clean    0 | minF_r 1.7286 cleanF_r nan | pin nan | 125s
    k=4 P6257Z1G10N12_P6257Z2G06N12_P6257Z1G06N24_P6 f125 | pool   240 band   239 feas5    0 clean    0 | minF_r 1.7514 cleanF_r nan | pin nan | 30s
  cell e5.9_f129  (paramA)
    k=2 P6253Z1G08N20_P6257Z1G10N12                  f129 | pool  1200 band   918 feas5    0 clean    0 | minF_r 1.8215 cleanF_r nan | pin nan | 151s
    k=3 P6257Z1G10N12_P6257Z2G06N12_P6257Z2G08N16    f129 | pool   960 band   909 feas5    0 clean    0 | minF_r 1.7496 cleanF_r nan | pin nan | 121s
    k=4 P6257Z1G10N12_P6257Z2G06N12_P6257Z1G06N24_P6 f129 | pool   240 band   235 feas5    0 clean    0 | minF_r 1.7739 cleanF_r nan | pin nan | 31s
  cell e6.0_f109  (paramA)
    k=2 P6257Z1G10N12_P6656Z2G08N12                  f109 | pool  1200 band  1135 feas5    0 clean    0 | minF_r 1.8753 cleanF_r nan | pin nan | 146s
  cell e6.0_f113  (paramA)
    k=2 P6257Z1G10N12_P6656Z2G08N12                  f113 | pool  1200 band  1132 feas5    0 clean    0 | minF_r 1.8202 cleanF_r nan | pin nan | 142s
  cell e6.0_f117  (paramA)
    k=2 P6257Z1G10N12_P6656Z2G08N12                  f117 | pool  1200 band  1128 feas5    0 clean    0 | minF_r 1.7691 cleanF_r nan | pin nan | 151s
  cell e6.0_f121  (paramA)
    k=2 P6257Z1G10N12_P6656Z2G08N12                  f121 | pool  1200 band  1128 feas5    0 clean    0 | minF_r 1.7551 cleanF_r nan | pin nan | 151s
  cell e6.0_f125  (paramA)
    k=2 P6257Z1G10N12_P6656Z2G08N12                  f125 | pool  1200 band  1142 feas5    0 clean    0 | minF_r 1.7693 cleanF_r nan | pin nan | 150s
  cell e6.0_f129  (paramA)
    k=2 P6257Z1G10N12_P6656Z2G08N12                  f129 | pool  1200 band  1136 feas5    0 clean    0 | minF_r 1.7245 cleanF_r nan | pin nan | 150s
  cell e6.1_f109  (paramA)
    k=2 P6656Z1G06N24_P6656Z2G08N12                  f109 | pool  1200 band  1197 feas5    0 clean    0 | minF_r 1.9176 cleanF_r nan | pin nan | 154s
    k=3 P6661Z2G10N24_P6656Z1G06N24_P6656Z2G08N12    f109 | pool   960 band   868 feas5    0 clean    0 | minF_r 1.9470 cleanF_r nan | pin nan | 120s
    k=4 P6661Z2G06N16_P6656Z1G06N24_P6656Z2G08N12_P6 f109 | pool   240 band   222 feas5    0 clean    0 | minF_r 1.8823 cleanF_r nan | pin nan | 31s
  cell e6.1_f113  (paramA)
    k=2 P6656Z1G06N24_P6656Z2G08N12                  f113 | pool  1200 band  1200 feas5    0 clean    0 | minF_r 1.9418 cleanF_r nan | pin nan | 145s
    k=3 P6661Z2G10N24_P6656Z1G06N24_P6656Z2G08N12    f113 | pool   960 band   886 feas5    0 clean    0 | minF_r 1.9068 cleanF_r nan | pin nan | 121s
    k=4 P6661Z2G06N16_P6656Z1G06N24_P6656Z2G08N12_P6 f113 | pool   240 band   219 feas5    0 clean    0 | minF_r 1.8506 cleanF_r nan | pin nan | 32s
  cell e6.1_f117  (paramA)
    k=2 P6656Z1G06N24_P6656Z2G08N12                  f117 | pool  1200 band  1178 feas5    0 clean    0 | minF_r 1.9061 cleanF_r nan | pin nan | 151s
    k=3 P6661Z2G10N24_P6656Z1G06N24_P6656Z2G08N12    f117 | pool   960 band   859 feas5    0 clean    0 | minF_r 1.9333 cleanF_r nan | pin nan | 118s
    k=4 P6661Z2G06N16_P6656Z1G06N24_P6656Z2G08N12_P6 f117 | pool   240 band   215 feas5    0 clean    0 | minF_r 1.8453 cleanF_r nan | pin nan | 31s
  cell e6.1_f121  (paramA)
    k=2 P6656Z1G06N24_P6656Z2G08N12                  f121 | pool  1200 band  1163 feas5    0 clean    0 | minF_r 1.8723 cleanF_r nan | pin nan | 148s
    k=3 P6661Z2G10N24_P6656Z1G06N24_P6656Z2G08N12    f121 | pool   960 band   846 feas5    0 clean    0 | minF_r 1.9119 cleanF_r nan | pin nan | 123s
    k=4 P6661Z2G06N16_P6656Z1G06N24_P6656Z2G08N12_P6 f121 | pool   240 band   201 feas5    0 clean    0 | minF_r 1.7926 cleanF_r nan | pin nan | 32s
  cell e6.1_f125  (paramA)
    k=2 P6656Z1G06N24_P6656Z2G08N12                  f125 | pool  1200 band  1179 feas5    0 clean    0 | minF_r 1.7901 cleanF_r nan | pin nan | 150s
    k=3 P6661Z2G10N24_P6656Z1G06N24_P6656Z2G08N12    f125 | pool   960 band   860 feas5    0 clean    0 | minF_r 1.9286 cleanF_r nan | pin nan | 120s
    k=4 P6661Z2G06N16_P6656Z1G06N24_P6656Z2G08N12_P6 f125 | pool   240 band   228 feas5    0 clean    0 | minF_r 1.7881 cleanF_r nan | pin nan | 29s
  cell e6.1_f129  (paramA)
    k=2 P6656Z1G06N24_P6656Z2G08N12                  f129 | pool  1200 band  1185 feas5    0 clean    0 | minF_r 1.8012 cleanF_r nan | pin nan | 141s
    k=3 P6661Z2G10N24_P6656Z1G06N24_P6656Z2G08N12    f129 | pool   960 band   835 feas5    0 clean    0 | minF_r 1.9032 cleanF_r nan | pin nan | 114s
    k=4 P6661Z2G06N16_P6656Z1G06N24_P6656Z2G08N12_P6 f129 | pool   240 band   228 feas5    0 clean    0 | minF_r 1.7856 cleanF_r nan | pin nan | 30s

wrote C:\Users\USER\Desktop\CT&RPL\2_Project\KNF_LEU+ 시범연료봉 장전 인허가 과제\2026\2_계산\5_RL\data\reports\mesh_multitype_20260818\mesh_multitype_D.csv  (4546s, 18 cells, 0 pareto points)
delta(3-2) joint-clean F_r floor: n=0 mean +nan median +nan best +nan  (negative = grading helps)
  cells with a gain > 0.005: 0
