=== case selection READ from C:\Users\USER\Desktop\CT&RPL\2_Project\KNF_LEU+ 시범연료봉 장전 인허가 과제\2026\2_계산\5_RL\data\reports\mesh_multitype_20260818\case_selection.csv (15 cells) ===
  triples found: 13/15 cells
  quads   found: 7/15 cells

model: data/models/s1i, 5 members, cpu, 4 torch threads, quantile heads off
  cell e5.3_f109  (ga80)
    k=2 L1_L2                                        f109 | pool  1200 band  1200 feas5    0 clean    0 | minF_r 1.5995 cleanF_r nan | pin nan | 168s
    k=3 N1_L1_K1                                     f109 | pool   960 band   852 feas5    0 clean    0 | minF_r 1.6577 cleanF_r nan | pin nan | 132s
  cell e5.3_f113  (ga80)
    k=2 L1_L2                                        f113 | pool  1200 band  1200 feas5    0 clean    0 | minF_r 1.6545 cleanF_r nan | pin nan | 157s
    k=3 N1_L1_K1                                     f113 | pool   960 band   873 feas5    0 clean    0 | minF_r 1.6493 cleanF_r nan | pin nan | 124s
  cell e5.3_f117  (ga80)
    k=2 L1_L2                                        f117 | pool  1200 band  1200 feas5    1 clean  215 | minF_r 1.5457 cleanF_r 1.5457 | pin 76.20 | 153s
    k=3 N1_L1_K1                                     f117 | pool   960 band   821 feas5    0 clean   77 | minF_r 1.5802 cleanF_r 1.6206 | pin 77.92 | 123s
  cell e5.3_f121  (ga80)
    k=2 L1_L2                                        f121 | pool  1200 band  1200 feas5  285 clean  933 | minF_r 1.4764 cleanF_r 1.4764 | pin 70.85 | 153s
    k=3 N1_L1_K1                                     f121 | pool   960 band   897 feas5    4 clean  618 | minF_r 1.5411 cleanF_r 1.5411 | pin 71.75 | 120s
  cell e5.3_f125  (ga80)
    k=2 L1_L2                                        f125 | pool  1200 band  1200 feas5   47 clean  808 | minF_r 1.5007 cleanF_r 1.5007 | pin 70.88 | 150s
    k=3 N1_L1_K1                                     f125 | pool   960 band   918 feas5    0 clean  596 | minF_r 1.5985 cleanF_r 1.5985 | pin 71.61 | 124s
  cell e5.3_f129  (ga80)
    k=2 L1_L2                                        f129 | pool  1200 band  1200 feas5    0 clean  621 | minF_r 1.5781 cleanF_r 1.5781 | pin 72.35 | 152s
    k=3 N1_L1_K1                                     f129 | pool   960 band   906 feas5    0 clean  418 | minF_r 1.6249 cleanF_r 1.6249 | pin 71.69 | 123s
  cell e5.4_f109  (ga80)
    k=2 N1_N2                                        f109 | pool  1200 band  1200 feas5    0 clean    0 | minF_r 1.5742 cleanF_r nan | pin nan | 149s
    k=3 G3_N1_L1                                     f109 | pool   960 band   813 feas5    0 clean    0 | minF_r 1.6441 cleanF_r nan | pin nan | 118s
  cell e5.4_f113  (ga80)
    k=2 N1_N2                                        f113 | pool  1200 band  1200 feas5    0 clean    0 | minF_r 1.5186 cleanF_r nan | pin nan | 141s
    k=3 G3_N1_L1                                     f113 | pool   960 band   843 feas5    0 clean    0 | minF_r 1.5811 cleanF_r nan | pin nan | 122s
  cell e5.4_f117  (ga80)
    k=2 N1_N2                                        f117 | pool  1200 band  1200 feas5    0 clean  197 | minF_r 1.5628 cleanF_r 1.5714 | pin 77.45 | 152s
    k=3 G3_N1_L1                                     f117 | pool   960 band   902 feas5    0 clean   79 | minF_r 1.6076 cleanF_r 1.6158 | pin 75.61 | 122s
  cell e5.4_f121  (ga80)
    k=2 N1_N2                                        f121 | pool  1200 band  1200 feas5  103 clean  828 | minF_r 1.4907 cleanF_r 1.4907 | pin 72.48 | 151s
    k=3 G3_N1_L1                                     f121 | pool   960 band   827 feas5    0 clean  550 | minF_r 1.5571 cleanF_r 1.5571 | pin 73.28 | 122s
  cell e5.4_f125  (ga80)
    k=2 N1_N2                                        f125 | pool  1200 band  1200 feas5   22 clean  834 | minF_r 1.5311 cleanF_r 1.5311 | pin 72.19 | 155s
    k=3 G3_N1_L1                                     f125 | pool   960 band   891 feas5    0 clean  586 | minF_r 1.6197 cleanF_r 1.6197 | pin 74.46 | 122s
  cell e5.4_f129  (ga80)
    k=2 N1_N2                                        f129 | pool  1200 band  1200 feas5    0 clean  691 | minF_r 1.6113 cleanF_r 1.6113 | pin 73.13 | 146s
    k=3 G3_N1_L1                                     f129 | pool   960 band   918 feas5    0 clean  479 | minF_r 1.6236 cleanF_r 1.6236 | pin 73.28 | 122s
  cell e5.5_f109  (ga80)
    k=2 G3_G4                                        f109 | pool  1200 band  1200 feas5    0 clean    0 | minF_r 1.7106 cleanF_r nan | pin nan | 152s
  cell e5.5_f113  (ga80)
    k=2 G3_G4                                        f113 | pool  1200 band  1200 feas5    0 clean    0 | minF_r 1.6607 cleanF_r nan | pin nan | 148s
  cell e5.5_f117  (ga80)
    k=2 G3_G4                                        f117 | pool  1200 band  1200 feas5    0 clean  133 | minF_r 1.5621 cleanF_r 1.5691 | pin 77.17 | 148s
  cell e5.5_f121  (ga80)
    k=2 G3_G4                                        f121 | pool  1200 band  1200 feas5   52 clean  786 | minF_r 1.5202 cleanF_r 1.5202 | pin 73.79 | 148s
  cell e5.5_f125  (ga80)
    k=2 G3_G4                                        f125 | pool  1200 band  1200 feas5    0 clean  782 | minF_r 1.5828 cleanF_r 1.5828 | pin 73.65 | 149s
  cell e5.5_f129  (ga80)
    k=2 G3_G4                                        f129 | pool  1200 band  1200 feas5    0 clean  561 | minF_r 1.5641 cleanF_r 1.5641 | pin 73.96 | 150s

wrote C:\Users\USER\Desktop\CT&RPL\2_Project\KNF_LEU+ 시범연료봉 장전 인허가 과제\2026\2_계산\5_RL\data\reports\mesh_multitype_20260818\mesh_multitype_B.csv  (4198s, 18 cells, 49 pareto points)
delta(3-2) joint-clean F_r floor: n=8 mean +0.0620 median +0.0655 best +0.0123  (negative = grading helps)
  cells with a gain > 0.005: 0
