=== case selection READ from C:\Users\USER\Desktop\CT&RPL\2_Project\KNF_LEU+ 시범연료봉 장전 인허가 과제\2026\2_계산\5_RL\data\reports\mesh_multitype_20260818\case_selection.csv (15 cells) ===
  triples found: 13/15 cells
  quads   found: 7/15 cells

model: data/models/s1i, 5 members, cpu, 4 torch threads, quantile heads off
  cell e6.2_f109  (paramA)
    k=2 P6656Z1G08N20_P6661Z2G06N16                  f109 | pool  1200 band  1200 feas5    0 clean    0 | minF_r 1.8827 cleanF_r nan | pin nan | 170s
    k=3 P6656Z1G10N16_P6656Z1G08N20_P6656Z1G06N24    f109 | pool   960 band   826 feas5    0 clean    0 | minF_r 1.8780 cleanF_r nan | pin nan | 137s
    k=4 P6656Z1G10N16_P6661Z2G06N16_P6656Z1G08N20_P6 f109 | pool   240 band   240 feas5    0 clean    0 | minF_r 1.9084 cleanF_r nan | pin nan | 32s
  cell e6.2_f113  (paramA)
    k=2 P6656Z1G08N20_P6661Z2G06N16                  f113 | pool  1200 band  1200 feas5    0 clean    0 | minF_r 1.8680 cleanF_r nan | pin nan | 156s
    k=3 P6656Z1G10N16_P6656Z1G08N20_P6656Z1G06N24    f113 | pool   960 band   806 feas5    0 clean    0 | minF_r 1.8353 cleanF_r nan | pin nan | 125s
    k=4 P6656Z1G10N16_P6661Z2G06N16_P6656Z1G08N20_P6 f113 | pool   240 band   239 feas5    0 clean    0 | minF_r 1.8707 cleanF_r nan | pin nan | 32s
  cell e6.2_f117  (paramA)
    k=2 P6656Z1G08N20_P6661Z2G06N16                  f117 | pool  1200 band  1200 feas5    0 clean    0 | minF_r 1.8338 cleanF_r nan | pin nan | 153s
    k=3 P6656Z1G10N16_P6656Z1G08N20_P6656Z1G06N24    f117 | pool   960 band   858 feas5    0 clean    0 | minF_r 1.8048 cleanF_r nan | pin nan | 122s
    k=4 P6656Z1G10N16_P6661Z2G06N16_P6656Z1G08N20_P6 f117 | pool   240 band   240 feas5    0 clean    0 | minF_r 1.8544 cleanF_r nan | pin nan | 32s
  cell e6.2_f121  (paramA)
    k=2 P6656Z1G08N20_P6661Z2G06N16                  f121 | pool  1200 band  1200 feas5    0 clean    0 | minF_r 1.8224 cleanF_r nan | pin nan | 151s
    k=3 P6656Z1G10N16_P6656Z1G08N20_P6656Z1G06N24    f121 | pool   960 band   710 feas5    0 clean    0 | minF_r 1.7336 cleanF_r nan | pin nan | 121s
    k=4 P6656Z1G10N16_P6661Z2G06N16_P6656Z1G08N20_P6 f121 | pool   240 band   236 feas5    0 clean    0 | minF_r 1.8203 cleanF_r nan | pin nan | 31s
  cell e6.2_f125  (paramA)
    k=2 P6656Z1G08N20_P6661Z2G06N16                  f125 | pool  1200 band  1200 feas5    0 clean    0 | minF_r 1.8049 cleanF_r nan | pin nan | 152s
    k=3 P6656Z1G10N16_P6656Z1G08N20_P6656Z1G06N24    f125 | pool   960 band   825 feas5    0 clean    0 | minF_r 1.7388 cleanF_r nan | pin nan | 123s
    k=4 P6656Z1G10N16_P6661Z2G06N16_P6656Z1G08N20_P6 f125 | pool   240 band   239 feas5    0 clean    0 | minF_r 1.8258 cleanF_r nan | pin nan | 30s
  cell e6.2_f129  (paramA)
    k=2 P6656Z1G08N20_P6661Z2G06N16                  f129 | pool  1200 band  1200 feas5    0 clean    0 | minF_r 1.8001 cleanF_r nan | pin nan | 151s
    k=3 P6656Z1G10N16_P6656Z1G08N20_P6656Z1G06N24    f129 | pool   960 band   843 feas5    0 clean    0 | minF_r 1.7635 cleanF_r nan | pin nan | 122s
    k=4 P6656Z1G10N16_P6661Z2G06N16_P6656Z1G08N20_P6 f129 | pool   240 band   240 feas5    0 clean    0 | minF_r 1.8101 cleanF_r nan | pin nan | 30s
  cell e6.3_f109  (paramA)
    k=2 P6661Z1G06N16_P6661Z1G08N20                  f109 | pool  1200 band  1200 feas5    0 clean    0 | minF_r 1.8848 cleanF_r nan | pin nan | 146s
    k=3 P6661Z1G06N12_P6661Z1G06N16_P6661Z1G08N20    f109 | pool   960 band   404 feas5    0 clean    0 | minF_r 1.8865 cleanF_r nan | pin nan | 117s
    k=4 P6661Z1G10N12_P6661Z1G06N16_P6661Z1G08N20_P6 f109 | pool   240 band   232 feas5    0 clean    0 | minF_r 1.9327 cleanF_r nan | pin nan | 31s
  cell e6.3_f113  (paramA)
    k=2 P6661Z1G06N16_P6661Z1G08N20                  f113 | pool  1200 band  1200 feas5    0 clean    0 | minF_r 1.8723 cleanF_r nan | pin nan | 151s
    k=3 P6661Z1G06N12_P6661Z1G06N16_P6661Z1G08N20    f113 | pool   960 band   476 feas5    0 clean    0 | minF_r 1.9341 cleanF_r nan | pin nan | 122s
    k=4 P6661Z1G10N12_P6661Z1G06N16_P6661Z1G08N20_P6 f113 | pool   240 band   230 feas5    0 clean    0 | minF_r 1.8827 cleanF_r nan | pin nan | 31s
  cell e6.3_f117  (paramA)
    k=2 P6661Z1G06N16_P6661Z1G08N20                  f117 | pool  1200 band  1200 feas5    0 clean    0 | minF_r 1.8337 cleanF_r nan | pin nan | 151s
    k=3 P6661Z1G06N12_P6661Z1G06N16_P6661Z1G08N20    f117 | pool   960 band   440 feas5    0 clean    0 | minF_r 1.8971 cleanF_r nan | pin nan | 121s
    k=4 P6661Z1G10N12_P6661Z1G06N16_P6661Z1G08N20_P6 f117 | pool   240 band   231 feas5    0 clean    0 | minF_r 1.8545 cleanF_r nan | pin nan | 31s
  cell e6.3_f121  (paramA)
    k=2 P6661Z1G06N16_P6661Z1G08N20                  f121 | pool  1200 band  1200 feas5    0 clean    0 | minF_r 1.7668 cleanF_r nan | pin nan | 157s
    k=3 P6661Z1G06N12_P6661Z1G06N16_P6661Z1G08N20    f121 | pool   960 band   412 feas5    0 clean    0 | minF_r 1.8447 cleanF_r nan | pin nan | 119s
    k=4 P6661Z1G10N12_P6661Z1G06N16_P6661Z1G08N20_P6 f121 | pool   240 band   236 feas5    0 clean    0 | minF_r 1.8442 cleanF_r nan | pin nan | 32s
  cell e6.3_f125  (paramA)
    k=2 P6661Z1G06N16_P6661Z1G08N20                  f125 | pool  1200 band  1200 feas5    0 clean    0 | minF_r 1.8183 cleanF_r nan | pin nan | 146s
    k=3 P6661Z1G06N12_P6661Z1G06N16_P6661Z1G08N20    f125 | pool   960 band   462 feas5    0 clean    0 | minF_r 1.8766 cleanF_r nan | pin nan | 123s
    k=4 P6661Z1G10N12_P6661Z1G06N16_P6661Z1G08N20_P6 f125 | pool   240 band   233 feas5    0 clean    0 | minF_r 1.8350 cleanF_r nan | pin nan | 32s
  cell e6.3_f129  (paramA)
    k=2 P6661Z1G06N16_P6661Z1G08N20                  f129 | pool  1200 band  1200 feas5    0 clean    0 | minF_r 1.7951 cleanF_r nan | pin nan | 149s
    k=3 P6661Z1G06N12_P6661Z1G06N16_P6661Z1G08N20    f129 | pool   960 band   422 feas5    0 clean    0 | minF_r 1.8432 cleanF_r nan | pin nan | 120s
    k=4 P6661Z1G10N12_P6661Z1G06N16_P6661Z1G08N20_P6 f129 | pool   240 band   236 feas5    0 clean    0 | minF_r 1.8103 cleanF_r nan | pin nan | 31s
  cell e6.4_f109  (paramA)
    k=2 P6661Z1G06N12_P6661Z1G10N12                  f109 | pool  1200 band  1200 feas5    0 clean    0 | minF_r 1.9292 cleanF_r nan | pin nan | 148s
    k=3 P6661Z1G10N12_P6661Z1G06N12_P6661Z1G08N16    f109 | pool   960 band   940 feas5    0 clean    0 | minF_r 1.8840 cleanF_r nan | pin nan | 123s
  cell e6.4_f113  (paramA)
    k=2 P6661Z1G06N12_P6661Z1G10N12                  f113 | pool  1200 band  1200 feas5    0 clean    0 | minF_r 1.8753 cleanF_r nan | pin nan | 153s
    k=3 P6661Z1G10N12_P6661Z1G06N12_P6661Z1G08N16    f113 | pool   960 band   888 feas5    0 clean    0 | minF_r 1.8899 cleanF_r nan | pin nan | 119s
  cell e6.4_f117  (paramA)
    k=2 P6661Z1G06N12_P6661Z1G10N12                  f117 | pool  1200 band  1200 feas5    0 clean    0 | minF_r 1.8260 cleanF_r nan | pin nan | 144s
    k=3 P6661Z1G10N12_P6661Z1G06N12_P6661Z1G08N16    f117 | pool   960 band   912 feas5    0 clean    0 | minF_r 1.8612 cleanF_r nan | pin nan | 117s
  cell e6.4_f121  (paramA)
    k=2 P6661Z1G06N12_P6661Z1G10N12                  f121 | pool  1200 band  1200 feas5    0 clean    0 | minF_r 1.8188 cleanF_r nan | pin nan | 138s
    k=3 P6661Z1G10N12_P6661Z1G06N12_P6661Z1G08N16    f121 | pool   960 band   952 feas5    0 clean    0 | minF_r 1.8116 cleanF_r nan | pin nan | 110s
  cell e6.4_f125  (paramA)
    k=2 P6661Z1G06N12_P6661Z1G10N12                  f125 | pool  1200 band  1200 feas5    0 clean    0 | minF_r 1.8175 cleanF_r nan | pin nan | 134s
    k=3 P6661Z1G10N12_P6661Z1G06N12_P6661Z1G08N16    f125 | pool   960 band   944 feas5    0 clean    0 | minF_r 1.8383 cleanF_r nan | pin nan | 103s
  cell e6.4_f129  (paramA)
    k=2 P6661Z1G06N12_P6661Z1G10N12                  f129 | pool  1200 band  1200 feas5    0 clean    0 | minF_r 1.8320 cleanF_r nan | pin nan | 126s
    k=3 P6661Z1G10N12_P6661Z1G06N12_P6661Z1G08N16    f129 | pool   960 band   914 feas5    0 clean    0 | minF_r 1.8375 cleanF_r nan | pin nan | 105s

wrote C:\Users\USER\Desktop\CT&RPL\2_Project\KNF_LEU+ 시범연료봉 장전 인허가 과제\2026\2_계산\5_RL\data\reports\mesh_multitype_20260818\mesh_multitype_E.csv  (5200s, 18 cells, 0 pareto points)
delta(3-2) joint-clean F_r floor: n=0 mean +nan median +nan best +nan  (negative = grading helps)
  cells with a gain > 0.005: 0
