=== case selection READ from C:\Users\USER\Desktop\CT&RPL\2_Project\KNF_LEU+ 시범연료봉 장전 인허가 과제\2026\2_계산\5_RL\data\reports\mesh_multitype_20260818\case_selection.csv (15 cells) ===
  triples found: 13/15 cells
  quads   found: 7/15 cells

model: data/models/s1i, 5 members, cpu, 4 torch threads, quantile heads off
  cell e5.0_f109  (ga80)
    k=2 E1_E2                                        f109 | pool  1200 band  1200 feas5    0 clean   14 | minF_r 1.4923 cleanF_r 1.5753 | pin 77.34 | 167s
    k=3 E3_E1_E2                                     f109 | pool   960 band   960 feas5    0 clean   25 | minF_r 1.4545 cleanF_r 1.5730 | pin 76.21 | 131s
  cell e5.0_f113  (ga80)
    k=2 E1_E2                                        f113 | pool  1200 band  1200 feas5    0 clean  128 | minF_r 1.5332 cleanF_r 1.5600 | pin 75.27 | 155s
    k=3 E3_E1_E2                                     f113 | pool   960 band   960 feas5    6 clean  186 | minF_r 1.5070 cleanF_r 1.5163 | pin 73.89 | 123s
  cell e5.0_f117  (ga80)
    k=2 E1_E2                                        f117 | pool  1200 band  1200 feas5   61 clean  538 | minF_r 1.4860 cleanF_r 1.4860 | pin 72.94 | 151s
    k=3 E3_E1_E2                                     f117 | pool   960 band   960 feas5  152 clean  444 | minF_r 1.4567 cleanF_r 1.4567 | pin 70.58 | 123s
  cell e5.0_f121  (ga80)
    k=2 E1_E2                                        f121 | pool  1200 band  1200 feas5  353 clean  893 | minF_r 1.4886 cleanF_r 1.4886 | pin 68.94 | 152s
    k=3 E3_E1_E2                                     f121 | pool   960 band   960 feas5  423 clean  668 | minF_r 1.4568 cleanF_r 1.4568 | pin 67.94 | 120s
  cell e5.0_f125  (ga80)
    k=2 E1_E2                                        f125 | pool  1200 band  1200 feas5  108 clean  867 | minF_r 1.4826 cleanF_r 1.4826 | pin 68.66 | 150s
    k=3 E3_E1_E2                                     f125 | pool   960 band   960 feas5  223 clean  632 | minF_r 1.4484 cleanF_r 1.4484 | pin 67.54 | 123s
  cell e5.0_f129  (ga80)
    k=2 E1_E2                                        f129 | pool  1200 band  1200 feas5   33 clean  656 | minF_r 1.5131 cleanF_r 1.5131 | pin 69.05 | 152s
    k=3 E3_E1_E2                                     f129 | pool   960 band   960 feas5   68 clean  523 | minF_r 1.4891 cleanF_r 1.4891 | pin 68.67 | 120s
  cell e5.1_f109  (ga80)
    k=2 J1_J2                                        f109 | pool  1200 band  1200 feas5    0 clean   13 | minF_r 1.5884 cleanF_r 1.6459 | pin 77.80 | 150s
    k=3 K1_J1_E1                                     f109 | pool   960 band   865 feas5    0 clean    1 | minF_r 1.6921 cleanF_r 1.7551 | pin 76.89 | 118s
  cell e5.1_f113  (ga80)
    k=2 J1_J2                                        f113 | pool  1200 band  1200 feas5    0 clean  160 | minF_r 1.5639 cleanF_r 1.5962 | pin 74.86 | 141s
    k=3 K1_J1_E1                                     f113 | pool   960 band   819 feas5    0 clean   65 | minF_r 1.6651 cleanF_r 1.6931 | pin 77.14 | 121s
  cell e5.1_f117  (ga80)
    k=2 J1_J2                                        f117 | pool  1200 band  1200 feas5  102 clean  586 | minF_r 1.5177 cleanF_r 1.5177 | pin 76.04 | 151s
    k=3 K1_J1_E1                                     f117 | pool   960 band   893 feas5    0 clean  345 | minF_r 1.6067 cleanF_r 1.6067 | pin 72.62 | 120s
  cell e5.1_f121  (ga80)
    k=2 J1_J2                                        f121 | pool  1200 band  1200 feas5  259 clean  958 | minF_r 1.4864 cleanF_r 1.4864 | pin 69.07 | 150s
    k=3 K1_J1_E1                                     f121 | pool   960 band   913 feas5    0 clean  662 | minF_r 1.5664 cleanF_r 1.5664 | pin 69.95 | 121s
  cell e5.1_f125  (ga80)
    k=2 J1_J2                                        f125 | pool  1200 band  1200 feas5   56 clean  862 | minF_r 1.5171 cleanF_r 1.5171 | pin 69.38 | 158s
    k=3 K1_J1_E1                                     f125 | pool   960 band   875 feas5    0 clean  518 | minF_r 1.6236 cleanF_r 1.6236 | pin 69.92 | 119s
  cell e5.1_f129  (ga80)
    k=2 J1_J2                                        f129 | pool  1200 band  1200 feas5    0 clean  706 | minF_r 1.5604 cleanF_r 1.5604 | pin 70.35 | 146s
    k=3 K1_J1_E1                                     f129 | pool   960 band   835 feas5    0 clean  388 | minF_r 1.6268 cleanF_r 1.6268 | pin 69.72 | 120s
  cell e5.2_f109  (ga80)
    k=2 K1_K2                                        f109 | pool  1200 band  1200 feas5    0 clean    0 | minF_r 1.5989 cleanF_r nan | pin nan | 156s
    k=3 L1_K1_J1                                     f109 | pool   960 band   812 feas5    0 clean    0 | minF_r 1.6884 cleanF_r nan | pin nan | 120s
  cell e5.2_f113  (ga80)
    k=2 K1_K2                                        f113 | pool  1200 band  1200 feas5    0 clean   85 | minF_r 1.5892 cleanF_r 1.6243 | pin 77.18 | 146s
    k=3 L1_K1_J1                                     f113 | pool   960 band   862 feas5    0 clean   42 | minF_r 1.6344 cleanF_r 1.6963 | pin 76.86 | 121s
  cell e5.2_f117  (ga80)
    k=2 K1_K2                                        f117 | pool  1200 band  1200 feas5   26 clean  435 | minF_r 1.5353 cleanF_r 1.5353 | pin 73.41 | 150s
    k=3 L1_K1_J1                                     f117 | pool   960 band   892 feas5    0 clean  330 | minF_r 1.5978 cleanF_r 1.6094 | pin 77.14 | 122s
  cell e5.2_f121  (ga80)
    k=2 K1_K2                                        f121 | pool  1200 band  1200 feas5  305 clean  956 | minF_r 1.4806 cleanF_r 1.4806 | pin 70.26 | 147s
    k=3 L1_K1_J1                                     f121 | pool   960 band   909 feas5    0 clean  650 | minF_r 1.5594 cleanF_r 1.5594 | pin 70.64 | 118s
  cell e5.2_f125  (ga80)
    k=2 K1_K2                                        f125 | pool  1200 band  1200 feas5   62 clean  839 | minF_r 1.5085 cleanF_r 1.5085 | pin 70.84 | 141s
    k=3 L1_K1_J1                                     f125 | pool   960 band   883 feas5    0 clean  587 | minF_r 1.6061 cleanF_r 1.6061 | pin 72.15 | 115s
  cell e5.2_f129  (ga80)
    k=2 K1_K2                                        f129 | pool  1200 band  1200 feas5    0 clean  663 | minF_r 1.5747 cleanF_r 1.5747 | pin 72.04 | 134s
    k=3 L1_K1_J1                                     f129 | pool   960 band   866 feas5    0 clean  382 | minF_r 1.6322 cleanF_r 1.6322 | pin 72.22 | 110s

wrote C:\Users\USER\Desktop\CT&RPL\2_Project\KNF_LEU+ 시범연료봉 장전 인허가 과제\2026\2_계산\5_RL\data\reports\mesh_multitype_20260818\mesh_multitype_A.csv  (4862s, 18 cells, 107 pareto points)
delta(3-2) joint-clean F_r floor: n=17 mean +0.0449 median +0.0720 best -0.0437  (negative = grading helps)
  cells with a gain > 0.005: 5
