source: C:\Users\USER\Desktop\CT&RPL\2_Project\KNF_LEU+ 시범연료봉 장전 인허가 과제\2026\2_계산\5_RL\data\store\records.parquet
strata mv3_*: 254 rows, 11 strata
  converged & valid: 178  (70 %)   strata: 11

--- measured vs pre-registered prediction (ppm) ---
                       pair  feed role  n  e_core  cbc_pred  cbc_min  cbc_resid  fr_at_cbc_min  fr_min  n_pass_cbc joint_tier
P6253Z1G06N24_P6253Z2G06N24   109   지도 10     5.7      1347   1555.2      208.2            2.5     2.3           1       none
P6253Z1G06N24_P6253Z2G10N24   109   지도 16     5.7      1349   1405.2       56.2            2.2     2.0          16       none
P6253Z1G06N24_P6253Z2G10N24   125   지도 16     5.7      1529   1561.3       32.3            2.1     1.8           4       none
P6253Z1G06N24_P6257Z1G06N24   109   지도 16     5.8      1413   1652.4      239.4            2.1     1.9           0       none
P6253Z1G06N24_P6257Z1G06N24   117   지도 16     5.8      1503   1692.6      189.6            2.0     2.0           0       none
P6253Z1G06N24_P6257Z1G06N24   125   지도 16     5.8      1592   1729.9      137.9            2.4     1.8           0       none
P6656Z1G06N24_P6661Z2G10N24   109   지도 24     6.1      1551   1584.0       33.0            2.7     2.0           1       none
P6656Z1G06N24_P6661Z2G10N24   117   지도 16     6.1      1641   1666.4       25.4            2.0     1.8           0       none
P6656Z1G06N24_P6661Z2G10N24   125   지도 16     6.1      1731   1825.7       94.7            2.5     1.8           0      tier3
P6656Z1G08N20_P6661Z2G10N24   109   지도 16     6.2      1709   1688.3      -20.7            1.9     1.9           0       none
P6656Z1G08N20_P6661Z2G10N24   125   지도 16     6.2      1888   1975.0       87.0            2.7     2.0           0       none

prediction residual: bias +98 ppm, rms 127 ppm (registered rms 101 ppm), n = 11 cells
  -> the regression is CONFIRMED at the 2-sigma level of its own residual

=== H1 — does n_gd = 24 clear the boron wall at high enrichment? ===
  flagship P6656Z1G06N24_P6661Z2G10N24 @ f109 (e_core 6.139, n = 24)
    predicted min CBC_max  1551 ppm
    MEASURED  min CBC_max  1584.0 ppm  (+33 ppm vs prediction)
    limit 1600 ppm -> 1/24 cores under the limit
    VERDICT: 확증 (confirmed)

=== H2 — is the Gd-pin effect 147 +/- 101 ppm (2 pins, n_gd 24 vs 22)? ===
  f109: control(n_gd 22) 1688.3 - flagship(n_gd 24) 1584.0 = +104.3 ppm  [46…248 기대] -> 확인
        (e_core 6.139 vs 6.161; per-pin +52.2 ppm, registered -73.5)
  f125: control(n_gd 22) 1975.0 - flagship(n_gd 24) 1825.7 = +149.3 ppm  [46…248 기대] -> 확인
        (e_core 6.139 vs 6.163; per-pin +74.6 ppm, registered -73.5)

=== H3 — does F_r survive after boron passes? ===
  22/178 converged anchor cores are under CBC 1600 ppm
    their F_r: min 1.8375, median 2.2217
    their F_q: min 2.2810 (limit 2.41)
    of those, F_r <= 1.55 (Tier-1): 0 cores
    JOINT Tier-1 (F_r<=1.55 ∧ CBC<=1600): 0 cores
    JOINT Tier-2 (F_r<=1.65 ∧ CBC<=1800): 0 cores
    JOINT Tier-3 (F_r<=1.8 ∧ CBC<=2200): 1 cores
  overall anchor floors: F_r 1.7715 · CBC 1405.2 ppm · F_q 2.2457 · |AO| max 0.0977

--- boron regression refit WITH the new anchors ---
  CBC_min ~ -556 -69.1*n_gd +425*e_core +10.9*feed
  n = 83 cells, R^2 = 0.914, rms = 102 ppm
  (PREREG-2 held -73.5 ppm/pin, +454 ppm/wt%, +11.2 ppm/bundle, rms 101 ppm on 72 cells)