high-enrichment labels: 11244 converged cores at e_core >= 5.6

--- one-constraint-at-a-time sensitivity (the directive's premise) ---
                      scenario  fr_cap  cbc_cap  n_open  n_total
current (F_r<=1.55, CBC<=1600)    1.55   1600.0       0    11244
              F_r ONLY -> 1.80    1.80   1600.0       1    11244
              F_r ONLY -> 2.20    2.20   1600.0       5    11244
              CBC ONLY -> 2000    1.55   2000.0       0    11244
              CBC ONLY -> 2600    1.55   2600.0       0    11244
             BOTH (1.80, 2000)    1.80   2000.0       9    11244
             BOTH (1.80, 2600)    1.80   2600.0      23    11244

=> relaxing F_r ALONE, as the directive proposed, opens 1 of 11244 cores. The wall is CBC.

within the v3 feed lattice (109, 113, 117, 121, 125, 129): 6450 cores, min CBC_max = 1600.38 ppm (limit 1600) -> 0 cores under the limit

--- boron regression on the pair x feed minima ---
  CBC_min ~ -696 -73.5*n_gd +454*e_core +11.2*feed
  n = 72 cells, R^2 = 0.907, rms residual = 101 ppm
  correlations: n_gd -0.813 | gd_wt +0.067 (Gd CONCENTRATION is irrelevant) | e_core +0.542

--- paramA pairs with e_core >= 5.6 and n_gd >= 22 ---
18 pairs exist, 15 NEVER RUN (4 reach n_gd = 24, of which 4 are unrun)
                       pair  e_core  n_gd  gd_wt  spread  already_run  cbc_pred_f101  cbc_pred_f109
P6253Z1G06N24_P6253Z2G06N24   5.690  24.0    6.0   0.192        False       1257.453       1347.377
P6253Z1G06N24_P6253Z2G10N24   5.694  24.0    8.0   0.184        False       1259.499       1349.422
P6253Z1G06N24_P6257Z1G06N24   5.834  24.0    6.0   0.095        False       1322.694       1412.617
P6656Z1G06N24_P6661Z2G10N24   6.139  24.0    8.0   0.007        False       1461.205       1551.128
P6253Z2G06N24_P6253Z2G10N20   5.616  22.0    8.0   0.045        False       1371.033       1460.956
P6253Z2G10N20_P6253Z2G10N24   5.620  22.0   10.0   0.036        False       1372.993       1462.917
P6253Z1G08N20_P6253Z2G06N24   5.709  22.0    7.0   0.231        False       1413.336       1503.259
P6253Z1G06N24_P6253Z2G10N20   5.712  22.0    8.0   0.148        False       1414.751       1504.675
P6253Z1G08N20_P6253Z2G10N24   5.714  22.0    9.0   0.223        False       1415.406       1505.329
P6253Z2G10N20_P6257Z1G06N24   5.760  22.0    8.0   0.243        False       1436.374       1526.298
P6253Z1G06N24_P6253Z1G08N20   5.806  22.0    7.0   0.039         True       1457.016       1546.940
P6253Z1G08N20_P6257Z1G06N24   5.853  22.0    7.0   0.056         True       1478.613       1568.536
P6656Z1G06N24_P6656Z1G08N20   6.158  22.0    7.0   0.045         True       1617.083       1707.007
P6656Z1G08N20_P6661Z2G10N24   6.161  22.0    9.0   0.039        False       1618.613       1708.536
P6656Z1G06N24_P6661Z1G08N20   6.211  22.0    7.0   0.151        False       1641.059       1730.982
P6656Z1G06N24_P6661Z1G10N20   6.212  22.0    8.0   0.154        False       1641.711       1731.634
P6661Z1G08N20_P6661Z2G10N24   6.214  22.0    9.0   0.144        False       1642.652       1732.576
P6661Z1G10N20_P6661Z2G10N24   6.216  22.0   10.0   0.147        False       1643.307       1733.231

=> unrun pairs above e 6.0 predicted to pass CBC INSIDE the v3 feed lattice (f109):
                       pair  e_core  n_gd  cbc_pred_f109
P6656Z1G06N24_P6661Z2G10N24   6.139  24.0       1551.128
   residual rms is 101 ppm, so these are MARGINAL predictions — which is exactly what a small MASTER probe is for.