pair enumeration: 1017 pairs, e_core 4.7581-6.3645 (GRID CEILING — targets above it cannot be built)
-- target 5.0: 16 near-ties; top 4
 lib  pair  e_core  spread   d  sup_pair
ga80 E1_E2     5.0     0.0 0.0      2744
ga80 E3_E4     5.0     0.0 0.0      1099
ga80 A2_A8     5.0     0.0 0.0       465
ga80 A2_E1     5.0     0.0 0.0         0
-- target 5.1: 51 near-ties; top 4
 lib  pair  e_core  spread   d  sup_pair
ga80 J1_J2     5.1     0.0 0.0      1343
ga80 J5_J6     5.1     0.0 0.0       247
ga80 J3_J4     5.1     0.0 0.0        11
ga80 J1_J3     5.1     0.0 0.0         0
-- target 5.2: 51 near-ties; top 4
 lib  pair  e_core  spread   d  sup_pair
ga80 K1_K2     5.2     0.0 0.0       963
ga80 K3_K4     5.2     0.0 0.0        50
ga80 K5_K6     5.2     0.0 0.0        19
ga80 K1_K3     5.2     0.0 0.0         0
-- target 5.3: 53 near-ties; top 4
 lib  pair  e_core  spread   d  sup_pair
ga80 L1_L2     5.3     0.0 0.0       839
ga80 L3_L4     5.3     0.0 0.0       618
ga80 L5_L6     5.3     0.0 0.0       585
ga80 L1_L3     5.3     0.0 0.0         0
-- target 5.4: 118 near-ties; top 4
 lib  pair  e_core  spread   d  sup_pair
ga80 N1_N2     5.4     0.0 0.0      1273
ga80 N3_N4     5.4     0.0 0.0       241
ga80 N5_N6     5.4     0.0 0.0        90
ga80 N1_N3     5.4     0.0 0.0         0
-- target 5.5: 62 near-ties; top 4
 lib  pair  e_core  spread   d  sup_pair
ga80 G3_G4     5.5     0.0 0.0      1599
ga80 H3_H4     5.5     0.0 0.0      1219
ga80 H1_H2     5.5     0.0 0.0      1081
ga80 G3_H1     5.5     0.0 0.0         0
-- target 5.6: 9 near-ties; top 4
   lib                        pair   e_core   spread        d  sup_pair
paramA P6253Z2G06N24_P6253Z2G10N24 5.598053 0.008527 0.001947         0
paramA P5853Z1G08N12_P6253Z2G06N24 5.604402 0.021174 0.004402         0
paramA P5853Z1G08N24_P6253Z2G08N16 5.600190 0.136922 0.000190         0
paramA P5853Z1G08N12_P6253Z2G10N24 5.608676 0.012647 0.008676         0
-- target 5.7: 7 near-ties; top 4
   lib                        pair   e_core   spread        d  sup_pair
paramA P5853Z1G08N12_P6253Z1G06N24 5.700414 0.171113 0.000414         0
paramA P6253Z1G06N24_P6253Z2G10N20 5.712441 0.147523 0.012441         0
paramA P6253Z1G06N24_P6253Z2G10N24 5.694438 0.183760 0.005562         0
paramA P6253Z1G06N24_P6253Z2G06N24 5.689933 0.192287 0.010067         0
-- target 5.8: 4 near-ties; top 4
   lib                        pair   e_core   spread        d  sup_pair
paramA P6253Z1G06N24_P6253Z1G08N20 5.805536 0.038916 0.005536       708
paramA P6253Z1G06N24_P6257Z2G08N16 5.820685 0.069168 0.020685         0
paramA P6253Z2G08N16_P6257Z2G06N12 5.776954 0.216530 0.023046         0
paramA P6253Z2G08N16_P6257Z1G06N24 5.774802 0.212644 0.025198         0
-- target 5.9: 4 near-ties; top 4
   lib                        pair   e_core   spread        d  sup_pair
paramA P6253Z1G08N20_P6257Z1G10N12 5.908703 0.167184 0.008703         0
paramA P6253Z1G06N24_P6257Z1G10N12 5.889212 0.206100 0.010788         0
paramA P6257Z1G06N24_P6257Z2G06N12 5.883114 0.003887 0.016886         0
paramA P6257Z1G10N12_P6257Z2G08N16 5.923746 0.136933 0.023746         0
-- target 6.0: 4 near-ties; top 4
   lib                        pair   e_core   spread        d  sup_pair
paramA P6257Z1G10N12_P6656Z2G08N12 6.025508 0.066589 0.025508         0
paramA P6257Z2G06N12_P6656Z2G08N12 5.971863 0.173724 0.028137         0
paramA P6257Z1G06N24_P6656Z2G08N12 5.970090 0.177611 0.029910         0
paramA P6257Z2G08N16_P6656Z2G08N12 5.957127 0.203522 0.042873         0
-- target 6.1: 6 near-ties; top 4
   lib                        pair   e_core   spread        d  sup_pair
paramA P6656Z1G06N24_P6656Z2G08N12 6.097039 0.076638 0.002961         0
paramA P6656Z2G08N12_P6661Z2G10N24 6.100239 0.083269 0.000239         0
paramA P6257Z1G10N12_P6661Z2G06N16 6.101431 0.218313 0.001431         0
paramA P6257Z1G10N12_P6656Z1G08N20 6.086380 0.188628 0.013620         0
-- target 6.2: 9 near-ties; top 4
   lib                        pair   e_core   spread        d  sup_pair
paramA P6656Z1G08N20_P6661Z2G06N16 6.195690 0.029686 0.004310         0
paramA P6656Z1G08N20_P6656Z1G10N16 6.202799 0.043956 0.002799         0
paramA P6661Z1G08N20_P6661Z2G10N24 6.214424 0.144475 0.014424         0
paramA P6656Z1G06N24_P6661Z1G08N20 6.210914 0.151107 0.010914         0
-- target 6.3: 10 near-ties; top 4
   lib                        pair   e_core   spread        d  sup_pair
paramA P6661Z1G06N16_P6661Z1G08N20 6.303543 0.033971 0.003543         0
paramA P6661Z1G08N16_P6661Z1G08N20 6.304710 0.036326 0.004710       934
paramA P6656Z1G10N16_P6661Z1G10N12 6.295786 0.141865 0.004214         0
paramA P6661Z1G08N20_P6661Z1G10N20 6.288016 0.002990 0.011984         0
-- target 6.4: 2 near-ties; top 4
   lib                        pair   e_core   spread        d  sup_pair
paramA P6661Z1G06N12_P6661Z1G10N12 6.364485 0.004299 0.035515         0
paramA P6661Z1G08N16_P6661Z1G10N12 6.344748 0.043789 0.055252         0
-- target 6.5: 2 near-ties; top 4
   lib                        pair   e_core   spread        d  sup_pair
paramA P6661Z1G06N12_P6661Z1G10N12 6.364485 0.004299 0.135515         0
paramA P6661Z1G08N16_P6661Z1G10N12 6.344748 0.043789 0.155252         0
=== pair -> e_core mapping (50/50 split) ===
 e_target library_id                        pair        type_a        type_b   e_core   spread  d_target  sup_pair  n_seeded_feeds anchor_library_id                 anchor_pair anchor_type_a anchor_type_b  anchor_e_core  anchor_d_target  anchor_sup_pair  anchor_n_seeded_feeds  anchor_is_mesh_pair  anchor_n_f109  anchor_n_f113  anchor_n_f117  anchor_n_f121  anchor_n_f125  anchor_n_f129  per_fa_tU    M_HM_tU e_targets  n_targets  is_primary
      5.0       ga80                       E1_E2            E1            E2 5.000000 0.000000  0.000000      2744               6              ga80                       E1_E2            E1            E2       5.000000         0.000000             2744                      6                 True            177            134            501           1097            450             20   0.423367 102.031495       5.0          1        True
      5.1       ga80                       J1_J2            J1            J2 5.100000 0.000000  0.000000      1343               6              ga80                       J1_J2            J1            J2       5.100000         0.000000             1343                      6                 True            223             44            338            150            212              8   0.423367 102.031495       5.1          1        True
      5.2       ga80                       K1_K2            K1            K2 5.200000 0.000000  0.000000       963               6              ga80                       K1_K2            K1            K2       5.200000         0.000000              963                      6                 True            135             79            201            416             67             18   0.423367 102.031495       5.2          1        True
      5.3       ga80                       L1_L2            L1            L2 5.300000 0.000000  0.000000       839               6              ga80                       L1_L2            L1            L2       5.300000         0.000000              839                      6                 True            107             30            245             78            137             14   0.423367 102.031495       5.3          1        True
      5.4       ga80                       N1_N2            N1            N2 5.400000 0.000000  0.000000      1273               6              ga80                       N1_N2            N1            N2       5.400000         0.000000             1273                      6                 True            122            226            217            230            150             22   0.423367 102.031495       5.4          1        True
      5.5       ga80                       G3_G4            G3            G4 5.500000 0.000000  0.000000      1599               6              ga80                       G3_G4            G3            G4       5.500000         0.000000             1599                      6                 True            128             67            144            406            390             38   0.423367 102.031495       5.5          1        True
      5.6     paramA P6253Z2G06N24_P6253Z2G10N24 P6253Z2G06N24 P6253Z2G10N24 5.598053 0.008527  0.001947         0               0            paramA P6253Z2G06N24_P6253Z2G10N24 P6253Z2G06N24 P6253Z2G10N24       5.598053         0.001947                0                      0                 True              0              0              0              0              0              0   0.422159 101.740239       5.6          1        True
      5.7     paramA P5853Z1G08N12_P6253Z1G06N24 P5853Z1G08N12 P6253Z1G06N24 5.700414 0.171113  0.000414         0               0            paramA P6253Z2G08N16_P6253Z2G10N20 P6253Z2G08N16 P6253Z2G10N20       5.653575         0.046425                0                      0                False              0              0              0              0              0              0   0.423748 102.123316       5.7          1        True
      5.8     paramA P6253Z1G06N24_P6253Z1G08N20 P6253Z1G06N24 P6253Z1G08N20 5.805536 0.038916  0.005536       708               4            paramA P6253Z1G08N20_P6257Z1G06N24 P6253Z1G08N20 P6257Z1G06N24       5.853105         0.053105             1691                      4                False            233              0            318             42            276              0   0.422927 101.925350       5.8          1        True
      5.9     paramA P6253Z1G08N20_P6257Z1G10N12 P6253Z1G08N20 P6257Z1G10N12 5.908703 0.167184  0.008703         0               0            paramA P6257Z1G06N24_P6257Z1G10N12 P6257Z1G06N24 P6257Z1G10N12       5.936711         0.036711              741                      6                False            156             12             26             32            164             12   0.423229 101.998072       5.9          1        True
      6.0     paramA P6257Z1G10N12_P6656Z2G08N12 P6257Z1G10N12 P6656Z2G08N12 6.025508 0.066589  0.025508         0               0            paramA P6257Z1G10N12_P6656Z2G08N12 P6257Z1G10N12 P6656Z2G08N12       6.025508         0.025508                0                      0                 True              0              0              0              0              0              0   0.424079 102.203017       6.0          1        True
      6.1     paramA P6656Z1G06N24_P6656Z2G08N12 P6656Z1G06N24 P6656Z2G08N12 6.097039 0.076638  0.002961         0               0            paramA P6656Z1G10N16_P6656Z2G08N12 P6656Z1G10N16 P6656Z2G08N12       6.141626         0.041626             1409                      4                False            332              0            143             73            251              0   0.423753 102.124418       6.1          1        True
      6.2     paramA P6656Z1G08N20_P6661Z2G06N16 P6656Z1G08N20 P6661Z2G06N16 6.195690 0.029686  0.004310         0               0            paramA P6656Z1G10N16_P6656Z2G08N12 P6656Z1G10N16 P6656Z2G08N12       6.141626         0.058374             1409                      4                False            332              0            143             73            251              0   0.423549 102.075202       6.2          1        True
      6.3     paramA P6661Z1G06N16_P6661Z1G08N20 P6661Z1G06N16 P6661Z1G08N20 6.303543 0.033971  0.003543         0               0            paramA P6661Z1G10N12_P6661Z1G10N20 P6661Z1G10N12 P6661Z1G10N20       6.328165         0.028165              947                      4                False            185              0            183             48            127              0   0.423385 102.035903       6.3          1        True
      6.4     paramA P6661Z1G06N12_P6661Z1G10N12 P6661Z1G06N12 P6661Z1G10N12 6.364485 0.004299  0.035515         0               0            paramA P6661Z1G06N12_P6661Z1G06N16 P6661Z1G06N12 P6661Z1G06N16       6.341428         0.058572              889                      4                False            165              0            175             51            131              0   0.424312 102.259211   6.4,6.5          2        True
      6.5     paramA P6661Z1G06N12_P6661Z1G10N12 P6661Z1G06N12 P6661Z1G10N12 6.364485 0.004299  0.135515         0               0            paramA P6661Z1G06N12_P6661Z1G10N12 P6661Z1G06N12 P6661Z1G10N12       6.364485         0.135515                0                      0                 True              0              0              0              0              0              0   0.424312 102.259211   6.4,6.5          2       False
16 targets -> 15 distinct cells (1 target(s) collapsed onto an already-selected pair)
model: data/models/s1g, 5 members, cpu, 4 torch threads, quantile heads off
flat donors: {'T6_T4': 13, 'E1_E2': 7, 'E3_E4': 2, 'J5_J6': 2} F_r 1.460-1.475
  P6253Z1G08N20_P6257Z1G10N12      f109 e=5.9087 | pool  1200 band   826 feas    0 pareto   0 | minF_r 1.834 | cyclen      nan | tiers 0/0/0 ->none  | 163s
  P6253Z1G08N20_P6257Z1G10N12      f113 e=5.9087 | pool  1200 band  1053 feas    0 pareto   0 | minF_r 1.815 | cyclen      nan | tiers 0/0/0 ->none  | 164s
  P6253Z1G08N20_P6257Z1G10N12      f117 e=5.9087 | pool  1200 band   716 feas    0 pareto   0 | minF_r 1.798 | cyclen      nan | tiers 0/0/1 ->tier3 | 199s
  P6253Z1G08N20_P6257Z1G10N12      f121 e=5.9087 | pool  1200 band   749 feas    0 pareto   0 | minF_r 1.738 | cyclen      nan | tiers 0/0/4 ->tier3 | 162s
  P6253Z1G08N20_P6257Z1G10N12      f125 e=5.9087 | pool  1200 band   799 feas    0 pareto   0 | minF_r 1.752 | cyclen      nan | tiers 0/0/0 ->none  | 171s
  P6253Z1G08N20_P6257Z1G10N12      f129 e=5.9087 | pool  1200 band   915 feas    0 pareto   0 | minF_r 1.785 | cyclen      nan | tiers 0/0/0 ->none  | 192s
  P6257Z1G10N12_P6656Z2G08N12      f109 e=6.0255 | pool  1200 band  1132 feas    0 pareto   0 | minF_r 1.790 | cyclen      nan | tiers 0/0/0 ->none  | 176s
  P6257Z1G10N12_P6656Z2G08N12      f113 e=6.0255 | pool  1200 band  1136 feas    0 pareto   0 | minF_r 1.762 | cyclen      nan | tiers 0/0/0 ->none  | 180s
  P6257Z1G10N12_P6656Z2G08N12      f117 e=6.0255 | pool  1200 band  1136 feas    0 pareto   0 | minF_r 1.717 | cyclen      nan | tiers 0/0/0 ->none  | 178s
  P6257Z1G10N12_P6656Z2G08N12      f121 e=6.0255 | pool  1200 band  1135 feas    0 pareto   0 | minF_r 1.687 | cyclen      nan | tiers 0/0/0 ->none  | 168s
  P6257Z1G10N12_P6656Z2G08N12      f125 e=6.0255 | pool  1200 band  1138 feas    0 pareto   0 | minF_r 1.684 | cyclen      nan | tiers 0/0/0 ->none  | 158s
  P6257Z1G10N12_P6656Z2G08N12      f129 e=6.0255 | pool  1200 band  1129 feas    0 pareto   0 | minF_r 1.704 | cyclen      nan | tiers 0/0/0 ->none  | 161s
  P6656Z1G06N24_P6656Z2G08N12      f109 e=6.0970 | pool  1200 band  1200 feas    0 pareto   0 | minF_r 1.931 | cyclen      nan | tiers 0/0/0 ->none  | 158s
  P6656Z1G06N24_P6656Z2G08N12      f113 e=6.0970 | pool  1200 band  1189 feas    0 pareto   0 | minF_r 1.876 | cyclen      nan | tiers 0/0/0 ->none  | 163s
  P6656Z1G06N24_P6656Z2G08N12      f117 e=6.0970 | pool  1200 band  1179 feas    0 pareto   0 | minF_r 1.897 | cyclen      nan | tiers 0/0/0 ->none  | 181s
  P6656Z1G06N24_P6656Z2G08N12      f121 e=6.0970 | pool  1200 band  1177 feas    0 pareto   0 | minF_r 1.847 | cyclen      nan | tiers 0/0/0 ->none  | 147s
  P6656Z1G06N24_P6656Z2G08N12      f125 e=6.0970 | pool  1200 band  1142 feas    0 pareto   0 | minF_r 1.813 | cyclen      nan | tiers 0/0/0 ->none  | 171s
  P6656Z1G06N24_P6656Z2G08N12      f129 e=6.0970 | pool  1200 band  1193 feas    0 pareto   0 | minF_r 1.803 | cyclen      nan | tiers 0/0/0 ->none  | 144s

wrote C:\Users\USER\Desktop\CT&RPL\2_Project\KNF_LEU+ 시범연료봉 장전 인허가 과제\2026\2_계산\5_RL\data\reports\mesh_v3_20260817\mesh_nodes_D.csv  (3036s total)
feasible cells: 0/18  pareto points: 0
